******************************************************************************
                  TI ARM Linker Unix v18.12.2                  
******************************************************************************
>> Linked Sat Nov  7 14:49:02 2020

OUTPUT FILE NAME:   <Lighting_Unit_RTOS.out>
ENTRY POINT SYMBOL: "_c_int00_noargs"  address: 000018a9


MEMORY CONFIGURATION

         name            origin    length      used     unused   attr    fill
----------------------  --------  ---------  --------  --------  ----  --------
  FLASH                 00000000   00040000  00001cc2  0003e33e  R  X
  SRAM                  20000000   00008000  00007934  000006cc  RW X


SEGMENT ALLOCATION MAP

run origin  load origin   length   init length attrs members
----------  ----------- ---------- ----------- ----- -------
00000000    00000000    00001cc8   00001cc8    r-x
  00000000    00000000    0000026c   0000026c    r-- .intvecs
  0000026c    0000026c    00001906   00001906    r-x .text
  00001b74    00001b74    00000118   00000118    r-- .const
  00001c90    00001c90    00000038   00000038    r-- .cinit
20000000    20000000    00007934   00000000    rw-
  20000000    20000000    000076f0   00000000    rw- .bss
  200076f0    200076f0    00000200   00000000    rw- .stack
  200078f0    200078f0    00000044   00000000    rw- .data


SECTION ALLOCATION MAP

 output                                  attributes/
section   page    origin      length       input sections
--------  ----  ----------  ----------   ----------------
.intvecs   0    00000000    0000026c     
                  00000000    0000026c     startup_ccs.obj (.intvecs)

.text      0    0000026c    00001906     
                  0000026c    000001ee     uartstdio.obj (.text:UARTvprintf)
                  0000045a    00000132     driverlib.lib : gpio.obj (.text:GPIOPadConfigSet)
                  0000058c    00000110                   : sysctl.obj (.text:SysCtlClockGet)
                  0000069c    00000104     tasks.obj (.text:xTaskIncrementTick)
                  000007a0    00000100     tasks.obj (.text:xTaskGenericCreate)
                  000008a0    000000e8     queue.obj (.text:xQueueGenericSend)
                  00000988    000000e4     tasks.obj (.text:xTaskResumeAll)
                  00000a6c    000000d2     portasm.obj (.text)
                  00000b3e    00000002     startup_ccs.obj (.text:FaultISR)
                  00000b40    000000c4     led_matrix.obj (.text:initialize_matrix)
                  00000c04    000000bc     led_matrix.obj (.text:flash)
                  00000cc0    000000ac     heap_2.obj (.text:pvPortMalloc)
                  00000d6c    0000009c     rtsv7M4_T_le_v4SPD16_eabi.lib : memcpy_t2.asm.obj (.text)
                  00000e08    0000008c     tasks.obj (.text:vTaskSwitchContext)
                  00000e94    0000007a     rtsv7M4_T_le_v4SPD16_eabi.lib : memset_t2.asm.obj (.text)
                  00000f0e    00000002     startup_ccs.obj (.text:IntDefaultHandler)
                  00000f10    00000078     tasks.obj (.text:xTaskPriorityDisinherit)
                  00000f88    00000074     tasks.obj (.text:xTaskRemoveFromEventList)
                  00000ffc    00000072     queue.obj (.text:prvCopyDataToQueue)
                  0000106e    00000068     rtsv7M4_T_le_v4SPD16_eabi.lib : copy_decompress_lzss.c.obj (.text:decompress:lzss:__TI_decompress_lzss)
                  000010d6    00000002     startup_ccs.obj (.text:NmiSR)
                  000010d8    00000064     main.obj (.text:ConfigureUART)
                  0000113c    00000064     tasks.obj (.text:vTaskPlaceOnEventList)
                  000011a0    00000062     queue.obj (.text:prvUnlockQueue)
                  00001202    00000002     rtsv7M4_T_le_v4SPD16_eabi.lib : div0.asm.obj (.text)
                  00001204    00000060     uartstdio.obj (.text:UARTStdioConfig)
                  00001264    00000060     tasks.obj (.text:prvInitialiseTaskLists)
                  000012c4    00000060     tasks.obj (.text:vTaskStartScheduler)
                  00001324    00000058     tasks.obj (.text:prvCheckTasksWaitingTermination)
                  0000137c    00000056     tasks.obj (.text:prvInitialiseTCBVariables)
                  000013d2    00000002     main.obj (.text:vApplicationStackOverflowHook)
                  000013d4    00000054     led_matrix.obj (.text:clear_display)
                  00001428    00000054     tasks.obj (.text:xTaskCheckForTimeOut)
                  0000147c    00000050     led_matrix.obj (.text:set_control_register)
                  000014cc    0000004e     queue.obj (.text:xQueueCreateMutex)
                  0000151a    00000002     --HOLE-- [fill = 0]
                  0000151c    0000004c     main.obj (.text:main)
                  00001568    0000004c     tasks.obj (.text:prvAddCurrentTaskToDelayedList)
                  000015b4    00000048     driverlib.lib : gpio.obj (.text:GPIOPinConfigure)
                  000015fc    00000048     uartstdio.obj (.text:UARTwrite)
                  00001644    00000044     rtsv7M4_T_le_v4SPD16_eabi.lib : autoinit.c.obj (.text:__TI_auto_init_nobinit_nopinit:__TI_auto_init_nobinit_nopinit)
                  00001688    00000044     heap_2.obj (.text:vPortFree)
                  000016cc    00000040     LED_matrix_task.obj (.text:LED_martix_task_init)
                  0000170c    00000040     rtsv7M4_T_le_v4SPD16_eabi.lib : u_divt2.asm.obj (.text)
                  0000174c    00000040     port.obj (.text:xPortStartScheduler)
                  0000178c    0000003c     driverlib.lib : ssi.obj (.text:SSIConfigSetExpClk)
                  000017c8    0000003a     tasks.obj (.text:prvAllocateTCBAndStack)
                  00001802    00000002     --HOLE-- [fill = 0]
                  00001804    00000038     driverlib.lib : sysctl.obj (.text:SysCtlPeripheralReady)
                  0000183c    00000038     list.obj (.text:vListInsert)
                  00001874    00000034     driverlib.lib : sysctl.obj (.text:SysCtlPeripheralEnable)
                  000018a8    00000034     rtsv7M4_T_le_v4SPD16_eabi.lib : boot_cortex_m.c.obj (.text:_c_int00_noargs:_c_int00_noargs)
                  000018dc    00000030     heap_2.obj (.text:prvHeapInit)
                  0000190c    0000002c     port.obj (.text:xPortSysTickHandler)
                  00001938    0000002a     driverlib.lib : gpio.obj (.text:GPIODirModeSet)
                  00001962    00000002     --HOLE-- [fill = 0]
                  00001964    00000028     tasks.obj (.text:prvResetNextTaskUnblockTime)
                  0000198c    00000028     port.obj (.text:pxPortInitialiseStack)
                  000019b4    00000020     list.obj (.text:uxListRemove)
                  000019d4    0000001c     queue.obj (.text:prvIsQueueFull)
                  000019f0    0000001c     port.obj (.text:vPortEnterCritical)
                  00001a0c    0000001a     uartstdio.obj (.text:UARTprintf)
                  00001a26    00000018     driverlib.lib : gpio.obj (.text:GPIOPinTypeGPIOOutput)
                  00001a3e    00000018     list.obj (.text:vListInsertEnd)
                  00001a56    00000002     --HOLE-- [fill = 0]
                  00001a58    00000018     port.obj (.text:vPortExitCritical)
                  00001a70    00000018     tasks.obj (.text:vTaskSetTimeOutState)
                  00001a88    00000016     list.obj (.text:vListInitialise)
                  00001a9e    00000002     --HOLE-- [fill = 0]
                  00001aa0    00000014     port.obj (.text:vPortSetupTimerInterrupt)
                  00001ab4    00000012     driverlib.lib : gpio.obj (.text:GPIOPinTypeSSI)
                  00001ac6    00000012     tasks.obj (.text:prvDeleteTCB)
                  00001ad8    00000010     port.obj (.text:prvTaskExitError)
                  00001ae8    00000010     tasks.obj (.text:vTaskSuspendAll)
                  00001af8    0000000e     rtsv7M4_T_le_v4SPD16_eabi.lib : copy_decompress_none.c.obj (.text:decompress:none:__TI_decompress_none)
                  00001b06    0000000c                                   : copy_zero_init.c.obj (.text:decompress:ZI:__TI_zero_init)
                  00001b12    00000002     --HOLE-- [fill = 0]
                  00001b14    0000000c     tasks.obj (.text:vTaskMissedYield)
                  00001b20    0000000a     driverlib.lib : ssi.obj (.text:SSIDataPut)
                  00001b2a    0000000a                   : ssi.obj (.text:SSIEnable)
                  00001b34    00000008     LED_matrix_task.obj (.text:LED_matrix_task)
                  00001b3c    00000008     driverlib.lib : ssi.obj (.text:SSIBusy)
                  00001b44    00000008     tasks.obj (.text:prvIdleTask)
                  00001b4c    00000006     driverlib.lib : gpio.obj (.text:GPIOPinWrite)
                  00001b52    00000006     startup_ccs.obj (.text:ResetISR)
                  00001b58    00000006     driverlib.lib : sysctl.obj (.text:SysCtlDelay)
                  00001b5e    00000006                   : uart.obj (.text:UARTClockSourceSet)
                  00001b64    00000006     list.obj (.text:vListInitialiseItem)
                  00001b6a    00000004     rtsv7M4_T_le_v4SPD16_eabi.lib : pre_init.c.obj (.text:_system_pre_init)
                  00001b6e    00000004                                   : exit.c.obj (.text:abort:abort)

.const     0    00001b74    00000118     
                  00001b74    00000090     driverlib.lib : gpio.obj (.const:g_pui32GPIOBaseAddrs)
                  00001c04    0000006c                   : sysctl.obj (.const:g_pui32Xtals)
                  00001c70    0000000c     uartstdio.obj (.const:g_ui32UARTBase)
                  00001c7c    0000000c     uartstdio.obj (.const:g_ui32UARTPeriph)
                  00001c88    00000004     port.obj (.const)

.cinit     0    00001c90    00000038     
                  00001c90    0000000f     (.cinit..data.load) [load image, compression = lzss]
                  00001c9f    00000001     --HOLE-- [fill = 0]
                  00001ca0    0000000c     (__TI_handler_table)
                  00001cac    00000004     --HOLE-- [fill = 0]
                  00001cb0    00000008     (.cinit..bss.load) [load image, compression = zero_init]
                  00001cb8    00000010     (__TI_cinit_table)

.init_array 
*          0    00000000    00000000     UNINITIALIZED

.bss       0    20000000    000076f0     UNINITIALIZED
                  20000000    00007530     heap_2.obj (.bss:ucHeap)
                  20007530    00000140     tasks.obj (.bss:pxReadyTasksLists)
                  20007670    00000014     tasks.obj (.bss:xDelayedTaskList1)
                  20007684    00000014     tasks.obj (.bss:xDelayedTaskList2)
                  20007698    00000014     tasks.obj (.bss:xPendingReadyList)
                  200076ac    00000014     tasks.obj (.bss:xSuspendedTaskList)
                  200076c0    00000014     tasks.obj (.bss:xTasksWaitingTermination)
                  200076d4    00000008     tasks.obj (.bss)
                  200076dc    00000008     heap_2.obj (.bss:xEnd)
                  200076e4    00000008     heap_2.obj (.bss:xStart)
                  200076ec    00000004     (.common:g_pUARTSemaphore)

.data      0    200078f0    00000044     UNINITIALIZED
                  200078f0    00000030     tasks.obj (.data)
                  20007920    00000008     heap_2.obj (.data)
                  20007928    00000005     uartstdio.obj (.data)
                  2000792d    00000003     --HOLE--
                  20007930    00000004     port.obj (.data)

.stack     0    200076f0    00000200     UNINITIALIZED
                  200076f0    00000004     rtsv7M4_T_le_v4SPD16_eabi.lib : boot_cortex_m.c.obj (.stack)
                  200076f4    000001fc     --HOLE--

MODULE SUMMARY

       Module                       code   ro data   rw data
       ------                       ----   -------   -------
    ./
       startup_ccs.obj              12     620       0      
       led_matrix.obj               548    0         0      
       main.obj                     178    0         4      
       LED_matrix_task.obj          72     0         0      
    +--+----------------------------+------+---------+---------+
       Total:                       810    620       4      
                                                            
    ./third_party/FreeRTOS/Source/
       tasks.obj                    1922   0         476    
       queue.obj                    550    0         0      
       list.obj                     140    0         0      
    +--+----------------------------+------+---------+---------+
       Total:                       2612   0         476    
                                                            
    ./third_party/FreeRTOS/Source/portable/CCS/ARM_CM4F/
       port.obj                     236    4         4      
       portasm.obj                  210    0         0      
    +--+----------------------------+------+---------+---------+
       Total:                       446    4         4      
                                                            
    ./third_party/FreeRTOS/Source/portable/MemMang/
       heap_2.obj                   288    0         30024  
    +--+----------------------------+------+---------+---------+
       Total:                       288    0         30024  
                                                            
    ./utils/
       uartstdio.obj                688    24        5      
    +--+----------------------------+------+---------+---------+
       Total:                       688    24        5      
                                                            
    /Applications/ti/ccs910/ccs/tools/compiler/ti-cgt-arm_18.12.2.LTS/lib/rtsv7M4_T_le_v4SPD16_eabi.lib
       memcpy_t2.asm.obj            156    0         0      
       memset_t2.asm.obj            122    0         0      
       copy_decompress_lzss.c.obj   104    0         0      
       autoinit.c.obj               68     0         0      
       u_divt2.asm.obj              64     0         0      
       boot_cortex_m.c.obj          52     0         0      
       copy_decompress_none.c.obj   14     0         0      
       copy_zero_init.c.obj         12     0         0      
       exit.c.obj                   4      0         0      
       pre_init.c.obj               4      0         0      
       div0.asm.obj                 2      0         0      
    +--+----------------------------+------+---------+---------+
       Total:                       602    0         0      
                                                            
    /Users/rohan/ti/tivaware_c_series_2_1_4_178/driverlib/ccs/Debug/driverlib.lib
       gpio.obj                     468    144       0      
       sysctl.obj                   386    108       0      
       ssi.obj                      88     0         0      
       uart.obj                     6      0         0      
    +--+----------------------------+------+---------+---------+
       Total:                       948    252       0      
                                                            
       Stack:                       0      0         512    
       Linker Generated:            0      51        0      
    +--+----------------------------+------+---------+---------+
       Grand Total:                 6394   951       31025  


LINKER GENERATED COPY TABLES

__TI_cinit_table @ 00001cb8 records: 2, size/record: 8, table size: 16
	.data: load addr=00001c90, load size=0000000f bytes, run addr=200078f0, run size=00000044 bytes, compression=lzss
	.bss: load addr=00001cb0, load size=00000008 bytes, run addr=20000000, run size=000076f0 bytes, compression=zero_init


LINKER GENERATED HANDLER TABLE

__TI_handler_table @ 00001ca0 records: 3, size/record: 4, table size: 12
	index: 0, handler: __TI_decompress_lzss
	index: 1, handler: __TI_decompress_none
	index: 2, handler: __TI_zero_init


GLOBAL SYMBOLS: SORTED ALPHABETICALLY BY Name 

address   name                          
-------   ----                          
00001b6f  C$$EXIT                       
000010d9  ConfigureUART                 
00001939  GPIODirModeSet                
0000045b  GPIOPadConfigSet              
000015b5  GPIOPinConfigure              
00001a27  GPIOPinTypeGPIOOutput         
00001ab5  GPIOPinTypeSSI                
00001b4d  GPIOPinWrite                  
000016cd  LED_martix_task_init          
00001b53  ResetISR                      
00001b3d  SSIBusy                       
0000178d  SSIConfigSetExpClk            
00001b21  SSIDataPut                    
00001b2b  SSIEnable                     
0000058d  SysCtlClockGet                
00001b59  SysCtlDelay                   
00001875  SysCtlPeripheralEnable        
00001805  SysCtlPeripheralReady         
00001b5f  UARTClockSourceSet            
00001205  UARTStdioConfig               
00001a0d  UARTprintf                    
0000026d  UARTvprintf                   
000015fd  UARTwrite                     
200078f0  __STACK_END                   
00000200  __STACK_SIZE                  
200078f0  __STACK_TOP                   
00001cb8  __TI_CINIT_Base               
00001cc8  __TI_CINIT_Limit              
00001ca0  __TI_Handler_Table_Base       
00001cac  __TI_Handler_Table_Limit      
00001645  __TI_auto_init_nobinit_nopinit
0000106f  __TI_decompress_lzss          
00001af9  __TI_decompress_none          
ffffffff  __TI_pprof_out_hndl           
ffffffff  __TI_prof_data_size           
ffffffff  __TI_prof_data_start          
00000000  __TI_static_base__            
00001b07  __TI_zero_init                
00001203  __aeabi_idiv0                 
00001203  __aeabi_ldiv0                 
00000e95  __aeabi_memclr                
00000e95  __aeabi_memclr4               
00000e95  __aeabi_memclr8               
00000d6d  __aeabi_memcpy                
00000d6d  __aeabi_memcpy4               
00000d6d  __aeabi_memcpy8               
00000e97  __aeabi_memset                
00000e97  __aeabi_memset4               
00000e97  __aeabi_memset8               
0000170d  __aeabi_uidiv                 
0000170d  __aeabi_uidivmod              
ffffffff  __binit__                     
ffffffff  __c_args__                    
UNDEFED   __mpu_init                    
200076f0  __stack                       
000018a9  _c_int00_noargs               
UNDEFED   _system_post_cinit            
00001b6b  _system_pre_init              
00001b6f  abort                         
ffffffff  binit                         
000013d5  clear_display                 
00000c05  flash                         
200076ec  g_pUARTSemaphore              
00000000  g_pfnVectors                  
00000b41  initialize_matrix             
0000151d  main                          
00000d6d  memcpy                        
00000e9d  memset                        
00000cc1  pvPortMalloc                  
200078f0  pxCurrentTCB                  
0000198d  pxPortInitialiseStack         
0000147d  set_control_register          
00001c88  ulMaxSyscallInterruptPriority 
00000a7d  ulPortGetIPSR                 
000019b5  uxListRemove                  
000013d3  vApplicationStackOverflowHook 
00001a89  vListInitialise               
00001b65  vListInitialiseItem           
0000183d  vListInsert                   
00001a3f  vListInsertEnd                
00000b31  vPortEnableVFP                
000019f1  vPortEnterCritical            
00001a59  vPortExitCritical             
00001689  vPortFree                     
00000af5  vPortSVCHandler               
00001aa1  vPortSetupTimerInterrupt      
00000b15  vPortStartFirstTask           
00001b15  vTaskMissedYield              
0000113d  vTaskPlaceOnEventList         
00001a71  vTaskSetTimeOutState          
000012c5  vTaskStartScheduler           
00001ae9  vTaskSuspendAll               
00000e09  vTaskSwitchContext            
00000a95  xPortPendSVHandler            
0000174d  xPortStartScheduler           
0000190d  xPortSysTickHandler           
000014cd  xQueueCreateMutex             
000008a1  xQueueGenericSend             
00001429  xTaskCheckForTimeOut          
000007a1  xTaskGenericCreate            
0000069d  xTaskIncrementTick            
00000f11  xTaskPriorityDisinherit       
00000f89  xTaskRemoveFromEventList      
00000989  xTaskResumeAll                


GLOBAL SYMBOLS: SORTED BY Symbol Address 

address   name                          
-------   ----                          
00000000  __TI_static_base__            
00000000  g_pfnVectors                  
00000200  __STACK_SIZE                  
0000026d  UARTvprintf                   
0000045b  GPIOPadConfigSet              
0000058d  SysCtlClockGet                
0000069d  xTaskIncrementTick            
000007a1  xTaskGenericCreate            
000008a1  xQueueGenericSend             
00000989  xTaskResumeAll                
00000a7d  ulPortGetIPSR                 
00000a95  xPortPendSVHandler            
00000af5  vPortSVCHandler               
00000b15  vPortStartFirstTask           
00000b31  vPortEnableVFP                
00000b41  initialize_matrix             
00000c05  flash                         
00000cc1  pvPortMalloc                  
00000d6d  __aeabi_memcpy                
00000d6d  __aeabi_memcpy4               
00000d6d  __aeabi_memcpy8               
00000d6d  memcpy                        
00000e09  vTaskSwitchContext            
00000e95  __aeabi_memclr                
00000e95  __aeabi_memclr4               
00000e95  __aeabi_memclr8               
00000e97  __aeabi_memset                
00000e97  __aeabi_memset4               
00000e97  __aeabi_memset8               
00000e9d  memset                        
00000f11  xTaskPriorityDisinherit       
00000f89  xTaskRemoveFromEventList      
0000106f  __TI_decompress_lzss          
000010d9  ConfigureUART                 
0000113d  vTaskPlaceOnEventList         
00001203  __aeabi_idiv0                 
00001203  __aeabi_ldiv0                 
00001205  UARTStdioConfig               
000012c5  vTaskStartScheduler           
000013d3  vApplicationStackOverflowHook 
000013d5  clear_display                 
00001429  xTaskCheckForTimeOut          
0000147d  set_control_register          
000014cd  xQueueCreateMutex             
0000151d  main                          
000015b5  GPIOPinConfigure              
000015fd  UARTwrite                     
00001645  __TI_auto_init_nobinit_nopinit
00001689  vPortFree                     
000016cd  LED_martix_task_init          
0000170d  __aeabi_uidiv                 
0000170d  __aeabi_uidivmod              
0000174d  xPortStartScheduler           
0000178d  SSIConfigSetExpClk            
00001805  SysCtlPeripheralReady         
0000183d  vListInsert                   
00001875  SysCtlPeripheralEnable        
000018a9  _c_int00_noargs               
0000190d  xPortSysTickHandler           
00001939  GPIODirModeSet                
0000198d  pxPortInitialiseStack         
000019b5  uxListRemove                  
000019f1  vPortEnterCritical            
00001a0d  UARTprintf                    
00001a27  GPIOPinTypeGPIOOutput         
00001a3f  vListInsertEnd                
00001a59  vPortExitCritical             
00001a71  vTaskSetTimeOutState          
00001a89  vListInitialise               
00001aa1  vPortSetupTimerInterrupt      
00001ab5  GPIOPinTypeSSI                
00001ae9  vTaskSuspendAll               
00001af9  __TI_decompress_none          
00001b07  __TI_zero_init                
00001b15  vTaskMissedYield              
00001b21  SSIDataPut                    
00001b2b  SSIEnable                     
00001b3d  SSIBusy                       
00001b4d  GPIOPinWrite                  
00001b53  ResetISR                      
00001b59  SysCtlDelay                   
00001b5f  UARTClockSourceSet            
00001b65  vListInitialiseItem           
00001b6b  _system_pre_init              
00001b6f  C$$EXIT                       
00001b6f  abort                         
00001c88  ulMaxSyscallInterruptPriority 
00001ca0  __TI_Handler_Table_Base       
00001cac  __TI_Handler_Table_Limit      
00001cb8  __TI_CINIT_Base               
00001cc8  __TI_CINIT_Limit              
200076ec  g_pUARTSemaphore              
200076f0  __stack                       
200078f0  __STACK_END                   
200078f0  __STACK_TOP                   
200078f0  pxCurrentTCB                  
ffffffff  __TI_pprof_out_hndl           
ffffffff  __TI_prof_data_size           
ffffffff  __TI_prof_data_start          
ffffffff  __binit__                     
ffffffff  __c_args__                    
ffffffff  binit                         
UNDEFED   __mpu_init                    
UNDEFED   _system_post_cinit            

[104 symbols]
