******************************************************************************
                  TI ARM Linker Unix v18.12.2                  
******************************************************************************
>> Linked Sun Jan 10 12:45:07 2021

OUTPUT FILE NAME:   <Lighting_Unit_RTOS.out>
ENTRY POINT SYMBOL: "_c_int00_noargs"  address: 00001c21


MEMORY CONFIGURATION

         name            origin    length      used     unused   attr    fill
----------------------  --------  ---------  --------  --------  ----  --------
  FLASH                 00000000   00040000  00002294  0003dd6c  R  X
  SRAM                  20000000   00008000  00007ba2  0000045e  RW X


SEGMENT ALLOCATION MAP

run origin  load origin   length   init length attrs members
----------  ----------- ---------- ----------- ----- -------
00000000    00000000    00002298   00002298    r-x
  00000000    00000000    0000026c   0000026c    r-- .intvecs
  0000026c    0000026c    00001cc0   00001cc0    r-x .text
  00001f2c    00001f2c    00000320   00000320    r-- .const
  00002250    00002250    00000048   00000048    r-- .cinit
20000000    20000000    00007ba4   00000000    rw-
  20000000    20000000    0000026c   00000000    rw- .vtable
  2000026c    2000026c    000076f2   00000000    rw- .bss
  20007960    20007960    00000200   00000000    rw- .stack
  20007b60    20007b60    00000044   00000000    rw- .data


SECTION ALLOCATION MAP

 output                                  attributes/
section   page    origin      length       input sections
--------  ----  ----------  ----------   ----------------
.intvecs   0    00000000    0000026c     
                  00000000    0000026c     startup_ccs.obj (.intvecs)

.text      0    0000026c    00001cc0     
                  0000026c    000001ee     uartstdio.obj (.text:UARTvprintf)
                  0000045a    00000132     driverlib.lib : gpio.obj (.text:GPIOPadConfigSet)
                  0000058c    00000110                   : sysctl.obj (.text:SysCtlClockGet)
                  0000069c    00000104     tasks.obj (.text:xTaskIncrementTick)
                  000007a0    00000100     tasks.obj (.text:xTaskGenericCreate)
                  000008a0    000000e8     queue.obj (.text:xQueueGenericSend)
                  00000988    000000e4     tasks.obj (.text:xTaskResumeAll)
                  00000a6c    000000d2     portasm.obj (.text)
                  00000b3e    00000002     startup_ccs.obj (.text:FaultISR)
                  00000b40    000000c4     led_matrix.obj (.text:initialize_matrix)
                  00000c04    000000bc     led_matrix.obj (.text:flash)
                  00000cc0    000000ac     heap_2.obj (.text:pvPortMalloc)
                  00000d6c    0000009c     rtsv7M4_T_le_v4SPD16_eabi.lib : memcpy_t2.asm.obj (.text)
                  00000e08    0000008c     led_matrix.obj (.text:left)
                  00000e94    0000008c     led_matrix.obj (.text:right)
                  00000f20    0000008c     tasks.obj (.text:vTaskSwitchContext)
                  00000fac    0000007a     rtsv7M4_T_le_v4SPD16_eabi.lib : memset_t2.asm.obj (.text)
                  00001026    00000002     startup_ccs.obj (.text:IntDefaultHandler)
                  00001028    00000078     tasks.obj (.text:xTaskPriorityDisinherit)
                  000010a0    00000074     tasks.obj (.text:xTaskRemoveFromEventList)
                  00001114    00000072     queue.obj (.text:prvCopyDataToQueue)
                  00001186    00000002     startup_ccs.obj (.text:NmiSR)
                  00001188    00000070     LED_matrix_task.obj (.text:LED_matrix_task)
                  000011f8    00000068     driverlib.lib : interrupt.obj (.text:IntEnable)
                  00001260    00000068     rtsv7M4_T_le_v4SPD16_eabi.lib : copy_decompress_lzss.c.obj (.text:decompress:lzss:__TI_decompress_lzss)
                  000012c8    00000068     signal_interupts.obj (.text:initialize_signals)
                  00001330    00000064     main.obj (.text:ConfigureUART)
                  00001394    00000064     tasks.obj (.text:vTaskPlaceOnEventList)
                  000013f8    00000062     queue.obj (.text:prvUnlockQueue)
                  0000145a    00000002     rtsv7M4_T_le_v4SPD16_eabi.lib : div0.asm.obj (.text)
                  0000145c    00000060     uartstdio.obj (.text:UARTStdioConfig)
                  000014bc    00000060     tasks.obj (.text:prvInitialiseTaskLists)
                  0000151c    00000060     tasks.obj (.text:vTaskStartScheduler)
                  0000157c    00000058     tasks.obj (.text:prvCheckTasksWaitingTermination)
                  000015d4    00000056     driverlib.lib : gpio.obj (.text:GPIOIntTypeSet)
                  0000162a    00000056     tasks.obj (.text:prvInitialiseTCBVariables)
                  00001680    00000054     led_matrix.obj (.text:clear_display)
                  000016d4    00000054     tasks.obj (.text:xTaskCheckForTimeOut)
                  00001728    00000050     signal_interupts.obj (.text:buttons_ISR)
                  00001778    00000050     led_matrix.obj (.text:set_control_register)
                  000017c8    0000004e     queue.obj (.text:xQueueCreateMutex)
                  00001816    00000002     main.obj (.text:vApplicationStackOverflowHook)
                  00001818    0000004c     main.obj (.text:main)
                  00001864    0000004c     tasks.obj (.text:prvAddCurrentTaskToDelayedList)
                  000018b0    00000048     driverlib.lib : gpio.obj (.text:GPIOPinConfigure)
                  000018f8    00000048     uartstdio.obj (.text:UARTwrite)
                  00001940    00000044     LED_matrix_task.obj (.text:LED_martix_task_init)
                  00001984    00000044     driverlib.lib : gpio.obj (.text:_GPIOIntNumberGet)
                  000019c8    00000044     rtsv7M4_T_le_v4SPD16_eabi.lib : autoinit.c.obj (.text:__TI_auto_init_nobinit_nopinit:__TI_auto_init_nobinit_nopinit)
                  00001a0c    00000044     heap_2.obj (.text:vPortFree)
                  00001a50    00000040     rtsv7M4_T_le_v4SPD16_eabi.lib : u_divt2.asm.obj (.text)
                  00001a90    00000040     port.obj (.text:xPortStartScheduler)
                  00001ad0    0000003c     driverlib.lib : ssi.obj (.text:SSIConfigSetExpClk)
                  00001b0c    0000003a     tasks.obj (.text:prvAllocateTCBAndStack)
                  00001b46    00000002     --HOLE-- [fill = 0]
                  00001b48    00000038     driverlib.lib : sysctl.obj (.text:SysCtlPeripheralReady)
                  00001b80    00000038     list.obj (.text:vListInsert)
                  00001bb8    00000034     driverlib.lib : interrupt.obj (.text:IntRegister)
                  00001bec    00000034                   : sysctl.obj (.text:SysCtlPeripheralEnable)
                  00001c20    00000034     rtsv7M4_T_le_v4SPD16_eabi.lib : boot_cortex_m.c.obj (.text:_c_int00_noargs:_c_int00_noargs)
                  00001c54    00000030     heap_2.obj (.text:prvHeapInit)
                  00001c84    0000002c     port.obj (.text:xPortSysTickHandler)
                  00001cb0    0000002a     driverlib.lib : gpio.obj (.text:GPIODirModeSet)
                  00001cda    00000002     --HOLE-- [fill = 0]
                  00001cdc    00000028     tasks.obj (.text:prvResetNextTaskUnblockTime)
                  00001d04    00000028     port.obj (.text:pxPortInitialiseStack)
                  00001d2c    00000020     list.obj (.text:uxListRemove)
                  00001d4c    0000001c     queue.obj (.text:prvIsQueueFull)
                  00001d68    0000001c     port.obj (.text:vPortEnterCritical)
                  00001d84    0000001a     uartstdio.obj (.text:UARTprintf)
                  00001d9e    00000018     driverlib.lib : gpio.obj (.text:GPIOIntRegister)
                  00001db6    00000018                   : gpio.obj (.text:GPIOPinTypeGPIOOutput)
                  00001dce    00000018     list.obj (.text:vListInsertEnd)
                  00001de6    00000002     --HOLE-- [fill = 0]
                  00001de8    00000018     port.obj (.text:vPortExitCritical)
                  00001e00    00000018     tasks.obj (.text:vTaskSetTimeOutState)
                  00001e18    00000016     list.obj (.text:vListInitialise)
                  00001e2e    00000002     --HOLE-- [fill = 0]
                  00001e30    00000014     port.obj (.text:vPortSetupTimerInterrupt)
                  00001e44    00000012     driverlib.lib : gpio.obj (.text:GPIOPinTypeGPIOInput)
                  00001e56    00000012                   : gpio.obj (.text:GPIOPinTypeSSI)
                  00001e68    00000012     tasks.obj (.text:prvDeleteTCB)
                  00001e7a    00000010     port.obj (.text:prvTaskExitError)
                  00001e8a    00000002     --HOLE-- [fill = 0]
                  00001e8c    00000010     tasks.obj (.text:vTaskSuspendAll)
                  00001e9c    0000000e     driverlib.lib : gpio.obj (.text:GPIOIntStatus)
                  00001eaa    0000000e     rtsv7M4_T_le_v4SPD16_eabi.lib : copy_decompress_none.c.obj (.text:decompress:none:__TI_decompress_none)
                  00001eb8    0000000c     driverlib.lib : gpio.obj (.text:GPIOIntEnable)
                  00001ec4    0000000c     rtsv7M4_T_le_v4SPD16_eabi.lib : copy_zero_init.c.obj (.text:decompress:ZI:__TI_zero_init)
                  00001ed0    0000000c     tasks.obj (.text:vTaskMissedYield)
                  00001edc    0000000a     driverlib.lib : ssi.obj (.text:SSIDataPut)
                  00001ee6    0000000a                   : ssi.obj (.text:SSIEnable)
                  00001ef0    00000008                   : ssi.obj (.text:SSIBusy)
                  00001ef8    00000008     tasks.obj (.text:prvIdleTask)
                  00001f00    00000006     driverlib.lib : gpio.obj (.text:GPIOIntClear)
                  00001f06    00000006                   : gpio.obj (.text:GPIOPinWrite)
                  00001f0c    00000006     startup_ccs.obj (.text:ResetISR)
                  00001f12    00000006     driverlib.lib : sysctl.obj (.text:SysCtlDelay)
                  00001f18    00000006                   : uart.obj (.text:UARTClockSourceSet)
                  00001f1e    00000006     list.obj (.text:vListInitialiseItem)
                  00001f24    00000004     rtsv7M4_T_le_v4SPD16_eabi.lib : pre_init.c.obj (.text:_system_pre_init)
                  00001f28    00000004                                   : exit.c.obj (.text:abort:abort)

.const     0    00001f2c    00000320     
                  00001f2c    000000d8     driverlib.lib : gpio.obj (.const:g_ppui32GPIOIntMapSnowflake)
                  00002004    000000c0                   : gpio.obj (.const:g_ppui32GPIOIntMapBlizzard)
                  000020c4    00000090                   : gpio.obj (.const:g_pui32GPIOBaseAddrs)
                  00002154    00000070                   : interrupt.obj (.const)
                  000021c4    0000006c                   : sysctl.obj (.const:g_pui32Xtals)
                  00002230    0000000c     uartstdio.obj (.const:g_ui32UARTBase)
                  0000223c    0000000c     uartstdio.obj (.const:g_ui32UARTPeriph)
                  00002248    00000004     port.obj (.const)

.cinit     0    00002250    00000048     
                  00002250    0000000f     (.cinit..data.load) [load image, compression = lzss]
                  0000225f    00000001     --HOLE-- [fill = 0]
                  00002260    0000000c     (__TI_handler_table)
                  0000226c    00000004     --HOLE-- [fill = 0]
                  00002270    00000008     (.cinit..bss.load) [load image, compression = zero_init]
                  00002278    00000008     (.cinit..vtable.load) [load image, compression = zero_init]
                  00002280    00000018     (__TI_cinit_table)

.init_array 
*          0    00000000    00000000     UNINITIALIZED

.vtable    0    20000000    0000026c     UNINITIALIZED
                  20000000    0000026c     driverlib.lib : interrupt.obj (.vtable)

.bss       0    2000026c    000076f2     UNINITIALIZED
                  2000026c    00007530     heap_2.obj (.bss:ucHeap)
                  2000779c    00000140     tasks.obj (.bss:pxReadyTasksLists)
                  200078dc    00000014     tasks.obj (.bss:xDelayedTaskList1)
                  200078f0    00000014     tasks.obj (.bss:xDelayedTaskList2)
                  20007904    00000014     tasks.obj (.bss:xPendingReadyList)
                  20007918    00000014     tasks.obj (.bss:xSuspendedTaskList)
                  2000792c    00000014     tasks.obj (.bss:xTasksWaitingTermination)
                  20007940    00000008     tasks.obj (.bss)
                  20007948    00000008     heap_2.obj (.bss:xEnd)
                  20007950    00000008     heap_2.obj (.bss:xStart)
                  20007958    00000004     (.common:g_pUARTSemaphore)
                  2000795c    00000002     (.common:status)

.data      0    20007b60    00000044     UNINITIALIZED
                  20007b60    00000030     tasks.obj (.data)
                  20007b90    00000008     heap_2.obj (.data)
                  20007b98    00000005     uartstdio.obj (.data)
                  20007b9d    00000001     LED_matrix_task.obj (.data)
                  20007b9e    00000002     --HOLE--
                  20007ba0    00000004     port.obj (.data)

.stack     0    20007960    00000200     UNINITIALIZED
                  20007960    00000004     rtsv7M4_T_le_v4SPD16_eabi.lib : boot_cortex_m.c.obj (.stack)
                  20007964    000001fc     --HOLE--

MODULE SUMMARY

       Module                       code   ro data   rw data
       ------                       ----   -------   -------
    ./
       led_matrix.obj               828    0         0      
       startup_ccs.obj              12     620       0      
       signal_interupts.obj         184    0         0      
       LED_matrix_task.obj          180    0         3      
       main.obj                     178    0         4      
    +--+----------------------------+------+---------+---------+
       Total:                       1382   620       7      
                                                            
    ./third_party/FreeRTOS/Source/
       tasks.obj                    1922   0         476    
       queue.obj                    550    0         0      
       list.obj                     140    0         0      
    +--+----------------------------+------+---------+---------+
       Total:                       2612   0         476    
                                                            
    ./third_party/FreeRTOS/Source/portable/CCS/ARM_CM4F/
       port.obj                     236    4         4      
       portasm.obj                  210    0         0      
    +--+----------------------------+------+---------+---------+
       Total:                       446    4         4      
                                                            
    ./third_party/FreeRTOS/Source/portable/MemMang/
       heap_2.obj                   288    0         30024  
    +--+----------------------------+------+---------+---------+
       Total:                       288    0         30024  
                                                            
    ./utils/
       uartstdio.obj                688    24        5      
    +--+----------------------------+------+---------+---------+
       Total:                       688    24        5      
                                                            
    /Applications/ti/ccs910/ccs/tools/compiler/ti-cgt-arm_18.12.2.LTS/lib/rtsv7M4_T_le_v4SPD16_eabi.lib
       memcpy_t2.asm.obj            156    0         0      
       memset_t2.asm.obj            122    0         0      
       copy_decompress_lzss.c.obj   104    0         0      
       autoinit.c.obj               68     0         0      
       u_divt2.asm.obj              64     0         0      
       boot_cortex_m.c.obj          52     0         0      
       copy_decompress_none.c.obj   14     0         0      
       copy_zero_init.c.obj         12     0         0      
       exit.c.obj                   4      0         0      
       pre_init.c.obj               4      0         0      
       div0.asm.obj                 2      0         0      
    +--+----------------------------+------+---------+---------+
       Total:                       602    0         0      
                                                            
    /Users/rohan/ti/tivaware_c_series_2_1_4_178/driverlib/ccs/Debug/driverlib.lib
       gpio.obj                     696    552       0      
       interrupt.obj                156    112       620    
       sysctl.obj                   386    108       0      
       ssi.obj                      88     0         0      
       uart.obj                     6      0         0      
    +--+----------------------------+------+---------+---------+
       Total:                       1332   772       620    
                                                            
       Stack:                       0      0         512    
       Linker Generated:            0      67        0      
    +--+----------------------------+------+---------+---------+
       Grand Total:                 7350   1487      31648  


LINKER GENERATED COPY TABLES

__TI_cinit_table @ 00002280 records: 3, size/record: 8, table size: 24
	.data: load addr=00002250, load size=0000000f bytes, run addr=20007b60, run size=00000044 bytes, compression=lzss
	.bss: load addr=00002270, load size=00000008 bytes, run addr=2000026c, run size=000076f2 bytes, compression=zero_init
	.vtable: load addr=00002278, load size=00000008 bytes, run addr=20000000, run size=0000026c bytes, compression=zero_init


LINKER GENERATED HANDLER TABLE

__TI_handler_table @ 00002260 records: 3, size/record: 4, table size: 12
	index: 0, handler: __TI_zero_init
	index: 1, handler: __TI_decompress_lzss
	index: 2, handler: __TI_decompress_none


GLOBAL SYMBOLS: SORTED ALPHABETICALLY BY Name 

address   name                          
-------   ----                          
00001f29  C$$EXIT                       
00001331  ConfigureUART                 
00001cb1  GPIODirModeSet                
00001f01  GPIOIntClear                  
00001eb9  GPIOIntEnable                 
00001d9f  GPIOIntRegister               
00001e9d  GPIOIntStatus                 
000015d5  GPIOIntTypeSet                
0000045b  GPIOPadConfigSet              
000018b1  GPIOPinConfigure              
00001e45  GPIOPinTypeGPIOInput          
00001db7  GPIOPinTypeGPIOOutput         
00001e57  GPIOPinTypeSSI                
00001f07  GPIOPinWrite                  
000011f9  IntEnable                     
00001bb9  IntRegister                   
00001941  LED_martix_task_init          
00001f0d  ResetISR                      
00001ef1  SSIBusy                       
00001ad1  SSIConfigSetExpClk            
00001edd  SSIDataPut                    
00001ee7  SSIEnable                     
0000058d  SysCtlClockGet                
00001f13  SysCtlDelay                   
00001bed  SysCtlPeripheralEnable        
00001b49  SysCtlPeripheralReady         
00001f19  UARTClockSourceSet            
0000145d  UARTStdioConfig               
00001d85  UARTprintf                    
0000026d  UARTvprintf                   
000018f9  UARTwrite                     
20007b60  __STACK_END                   
00000200  __STACK_SIZE                  
20007b60  __STACK_TOP                   
00002280  __TI_CINIT_Base               
00002298  __TI_CINIT_Limit              
00002260  __TI_Handler_Table_Base       
0000226c  __TI_Handler_Table_Limit      
000019c9  __TI_auto_init_nobinit_nopinit
00001261  __TI_decompress_lzss          
00001eab  __TI_decompress_none          
ffffffff  __TI_pprof_out_hndl           
ffffffff  __TI_prof_data_size           
ffffffff  __TI_prof_data_start          
00000000  __TI_static_base__            
00001ec5  __TI_zero_init                
0000145b  __aeabi_idiv0                 
0000145b  __aeabi_ldiv0                 
00000fad  __aeabi_memclr                
00000fad  __aeabi_memclr4               
00000fad  __aeabi_memclr8               
00000d6d  __aeabi_memcpy                
00000d6d  __aeabi_memcpy4               
00000d6d  __aeabi_memcpy8               
00000faf  __aeabi_memset                
00000faf  __aeabi_memset4               
00000faf  __aeabi_memset8               
00001a51  __aeabi_uidiv                 
00001a51  __aeabi_uidivmod              
ffffffff  __binit__                     
ffffffff  __c_args__                    
UNDEFED   __mpu_init                    
20007960  __stack                       
00001c21  _c_int00_noargs               
UNDEFED   _system_post_cinit            
00001f25  _system_pre_init              
00001f29  abort                         
ffffffff  binit                         
00001729  buttons_ISR                   
00001681  clear_display                 
00000c05  flash                         
20007958  g_pUARTSemaphore              
20000000  g_pfnRAMVectors               
00000000  g_pfnVectors                  
00000b41  initialize_matrix             
000012c9  initialize_signals            
00000e09  left                          
00001819  main                          
00000d6d  memcpy                        
00000fb5  memset                        
00000cc1  pvPortMalloc                  
20007b60  pxCurrentTCB                  
00001d05  pxPortInitialiseStack         
00000e95  right                         
00001779  set_control_register          
20007b9d  state                         
2000795c  status                        
00002248  ulMaxSyscallInterruptPriority 
00000a7d  ulPortGetIPSR                 
00001d2d  uxListRemove                  
00001817  vApplicationStackOverflowHook 
00001e19  vListInitialise               
00001f1f  vListInitialiseItem           
00001b81  vListInsert                   
00001dcf  vListInsertEnd                
00000b31  vPortEnableVFP                
00001d69  vPortEnterCritical            
00001de9  vPortExitCritical             
00001a0d  vPortFree                     
00000af5  vPortSVCHandler               
00001e31  vPortSetupTimerInterrupt      
00000b15  vPortStartFirstTask           
00001ed1  vTaskMissedYield              
00001395  vTaskPlaceOnEventList         
00001e01  vTaskSetTimeOutState          
0000151d  vTaskStartScheduler           
00001e8d  vTaskSuspendAll               
00000f21  vTaskSwitchContext            
00000a95  xPortPendSVHandler            
00001a91  xPortStartScheduler           
00001c85  xPortSysTickHandler           
000017c9  xQueueCreateMutex             
000008a1  xQueueGenericSend             
000016d5  xTaskCheckForTimeOut          
000007a1  xTaskGenericCreate            
0000069d  xTaskIncrementTick            
00001029  xTaskPriorityDisinherit       
000010a1  xTaskRemoveFromEventList      
00000989  xTaskResumeAll                


GLOBAL SYMBOLS: SORTED BY Symbol Address 

address   name                          
-------   ----                          
00000000  __TI_static_base__            
00000000  g_pfnVectors                  
00000200  __STACK_SIZE                  
0000026d  UARTvprintf                   
0000045b  GPIOPadConfigSet              
0000058d  SysCtlClockGet                
0000069d  xTaskIncrementTick            
000007a1  xTaskGenericCreate            
000008a1  xQueueGenericSend             
00000989  xTaskResumeAll                
00000a7d  ulPortGetIPSR                 
00000a95  xPortPendSVHandler            
00000af5  vPortSVCHandler               
00000b15  vPortStartFirstTask           
00000b31  vPortEnableVFP                
00000b41  initialize_matrix             
00000c05  flash                         
00000cc1  pvPortMalloc                  
00000d6d  __aeabi_memcpy                
00000d6d  __aeabi_memcpy4               
00000d6d  __aeabi_memcpy8               
00000d6d  memcpy                        
00000e09  left                          
00000e95  right                         
00000f21  vTaskSwitchContext            
00000fad  __aeabi_memclr                
00000fad  __aeabi_memclr4               
00000fad  __aeabi_memclr8               
00000faf  __aeabi_memset                
00000faf  __aeabi_memset4               
00000faf  __aeabi_memset8               
00000fb5  memset                        
00001029  xTaskPriorityDisinherit       
000010a1  xTaskRemoveFromEventList      
000011f9  IntEnable                     
00001261  __TI_decompress_lzss          
000012c9  initialize_signals            
00001331  ConfigureUART                 
00001395  vTaskPlaceOnEventList         
0000145b  __aeabi_idiv0                 
0000145b  __aeabi_ldiv0                 
0000145d  UARTStdioConfig               
0000151d  vTaskStartScheduler           
000015d5  GPIOIntTypeSet                
00001681  clear_display                 
000016d5  xTaskCheckForTimeOut          
00001729  buttons_ISR                   
00001779  set_control_register          
000017c9  xQueueCreateMutex             
00001817  vApplicationStackOverflowHook 
00001819  main                          
000018b1  GPIOPinConfigure              
000018f9  UARTwrite                     
00001941  LED_martix_task_init          
000019c9  __TI_auto_init_nobinit_nopinit
00001a0d  vPortFree                     
00001a51  __aeabi_uidiv                 
00001a51  __aeabi_uidivmod              
00001a91  xPortStartScheduler           
00001ad1  SSIConfigSetExpClk            
00001b49  SysCtlPeripheralReady         
00001b81  vListInsert                   
00001bb9  IntRegister                   
00001bed  SysCtlPeripheralEnable        
00001c21  _c_int00_noargs               
00001c85  xPortSysTickHandler           
00001cb1  GPIODirModeSet                
00001d05  pxPortInitialiseStack         
00001d2d  uxListRemove                  
00001d69  vPortEnterCritical            
00001d85  UARTprintf                    
00001d9f  GPIOIntRegister               
00001db7  GPIOPinTypeGPIOOutput         
00001dcf  vListInsertEnd                
00001de9  vPortExitCritical             
00001e01  vTaskSetTimeOutState          
00001e19  vListInitialise               
00001e31  vPortSetupTimerInterrupt      
00001e45  GPIOPinTypeGPIOInput          
00001e57  GPIOPinTypeSSI                
00001e8d  vTaskSuspendAll               
00001e9d  GPIOIntStatus                 
00001eab  __TI_decompress_none          
00001eb9  GPIOIntEnable                 
00001ec5  __TI_zero_init                
00001ed1  vTaskMissedYield              
00001edd  SSIDataPut                    
00001ee7  SSIEnable                     
00001ef1  SSIBusy                       
00001f01  GPIOIntClear                  
00001f07  GPIOPinWrite                  
00001f0d  ResetISR                      
00001f13  SysCtlDelay                   
00001f19  UARTClockSourceSet            
00001f1f  vListInitialiseItem           
00001f25  _system_pre_init              
00001f29  C$$EXIT                       
00001f29  abort                         
00002248  ulMaxSyscallInterruptPriority 
00002260  __TI_Handler_Table_Base       
0000226c  __TI_Handler_Table_Limit      
00002280  __TI_CINIT_Base               
00002298  __TI_CINIT_Limit              
20000000  g_pfnRAMVectors               
20007958  g_pUARTSemaphore              
2000795c  status                        
20007960  __stack                       
20007b60  __STACK_END                   
20007b60  __STACK_TOP                   
20007b60  pxCurrentTCB                  
20007b9d  state                         
ffffffff  __TI_pprof_out_hndl           
ffffffff  __TI_prof_data_size           
ffffffff  __TI_prof_data_start          
ffffffff  __binit__                     
ffffffff  __c_args__                    
ffffffff  binit                         
UNDEFED   __mpu_init                    
UNDEFED   _system_post_cinit            

[119 symbols]
