<?xml version="1.0" encoding="ISO-8859-1" ?>
<link_info>
   <banner>TI ARM Linker Unix v18.12.2.LTS</banner>
   <copyright>Copyright (c) 1996-2018 Texas Instruments Incorporated</copyright>
   <link_time>0x5ffb6753</link_time>
   <link_errors>0x0</link_errors>
   <output_file>Lighting_Unit_RTOS.out</output_file>
   <entry_point>
      <name>_c_int00_noargs</name>
      <address>0x1c21</address>
   </entry_point>
   <input_file_list>
      <input_file id="fl-2">
         <path>./</path>
         <kind>object</kind>
         <file>LED_matrix_task.obj</file>
         <name>LED_matrix_task.obj</name>
      </input_file>
      <input_file id="fl-3">
         <path>./</path>
         <kind>object</kind>
         <file>led_matrix.obj</file>
         <name>led_matrix.obj</name>
      </input_file>
      <input_file id="fl-4">
         <path>./</path>
         <kind>object</kind>
         <file>main.obj</file>
         <name>main.obj</name>
      </input_file>
      <input_file id="fl-5">
         <path>./</path>
         <kind>object</kind>
         <file>signal_interupts.obj</file>
         <name>signal_interupts.obj</name>
      </input_file>
      <input_file id="fl-6">
         <path>./</path>
         <kind>object</kind>
         <file>startup_ccs.obj</file>
         <name>startup_ccs.obj</name>
      </input_file>
      <input_file id="fl-7">
         <path>./drivers/</path>
         <kind>object</kind>
         <file>buttons.obj</file>
         <name>buttons.obj</name>
      </input_file>
      <input_file id="fl-8">
         <path>./drivers/</path>
         <kind>object</kind>
         <file>rgb.obj</file>
         <name>rgb.obj</name>
      </input_file>
      <input_file id="fl-9">
         <path>./third_party/FreeRTOS/Source/</path>
         <kind>object</kind>
         <file>list.obj</file>
         <name>list.obj</name>
      </input_file>
      <input_file id="fl-a">
         <path>./third_party/FreeRTOS/Source/</path>
         <kind>object</kind>
         <file>queue.obj</file>
         <name>queue.obj</name>
      </input_file>
      <input_file id="fl-b">
         <path>./third_party/FreeRTOS/Source/</path>
         <kind>object</kind>
         <file>tasks.obj</file>
         <name>tasks.obj</name>
      </input_file>
      <input_file id="fl-c">
         <path>./third_party/FreeRTOS/Source/portable/CCS/ARM_CM4F/</path>
         <kind>object</kind>
         <file>port.obj</file>
         <name>port.obj</name>
      </input_file>
      <input_file id="fl-d">
         <path>./third_party/FreeRTOS/Source/portable/CCS/ARM_CM4F/</path>
         <kind>object</kind>
         <file>portasm.obj</file>
         <name>portasm.obj</name>
      </input_file>
      <input_file id="fl-e">
         <path>./third_party/FreeRTOS/Source/portable/MemMang/</path>
         <kind>object</kind>
         <file>heap_2.obj</file>
         <name>heap_2.obj</name>
      </input_file>
      <input_file id="fl-f">
         <path>./utils/</path>
         <kind>object</kind>
         <file>uartstdio.obj</file>
         <name>uartstdio.obj</name>
      </input_file>
      <input_file id="fl-10">
         <path>./utils/</path>
         <kind>object</kind>
         <file>ustdlib.obj</file>
         <name>ustdlib.obj</name>
      </input_file>
      <input_file id="fl-15">
         <kind>object</kind>
         <file>&lt;internal&gt;</file>
         <name>&lt;internal&gt;</name>
      </input_file>
      <input_file id="fl-cb">
         <path>/Applications/ti/ccs910/ccs/tools/compiler/ti-cgt-arm_18.12.2.LTS/lib/</path>
         <kind>archive</kind>
         <file>rtsv7M4_T_le_v4SPD16_eabi.lib</file>
         <name>memset_t2.asm.obj</name>
      </input_file>
      <input_file id="fl-cc">
         <path>/Applications/ti/ccs910/ccs/tools/compiler/ti-cgt-arm_18.12.2.LTS/lib/</path>
         <kind>archive</kind>
         <file>rtsv7M4_T_le_v4SPD16_eabi.lib</file>
         <name>fs_toull_t2.asm.obj</name>
      </input_file>
      <input_file id="fl-cd">
         <path>/Applications/ti/ccs910/ccs/tools/compiler/ti-cgt-arm_18.12.2.LTS/lib/</path>
         <kind>archive</kind>
         <file>rtsv7M4_T_le_v4SPD16_eabi.lib</file>
         <name>memcpy_t2.asm.obj</name>
      </input_file>
      <input_file id="fl-ce">
         <path>/Applications/ti/ccs910/ccs/tools/compiler/ti-cgt-arm_18.12.2.LTS/lib/</path>
         <kind>archive</kind>
         <file>rtsv7M4_T_le_v4SPD16_eabi.lib</file>
         <name>u_divt2.asm.obj</name>
      </input_file>
      <input_file id="fl-cf">
         <path>/Applications/ti/ccs910/ccs/tools/compiler/ti-cgt-arm_18.12.2.LTS/lib/</path>
         <kind>archive</kind>
         <file>rtsv7M4_T_le_v4SPD16_eabi.lib</file>
         <name>copy_zero_init.c.obj</name>
      </input_file>
      <input_file id="fl-d0">
         <path>/Applications/ti/ccs910/ccs/tools/compiler/ti-cgt-arm_18.12.2.LTS/lib/</path>
         <kind>archive</kind>
         <file>rtsv7M4_T_le_v4SPD16_eabi.lib</file>
         <name>copy_decompress_none.c.obj</name>
      </input_file>
      <input_file id="fl-d1">
         <path>/Applications/ti/ccs910/ccs/tools/compiler/ti-cgt-arm_18.12.2.LTS/lib/</path>
         <kind>archive</kind>
         <file>rtsv7M4_T_le_v4SPD16_eabi.lib</file>
         <name>copy_decompress_lzss.c.obj</name>
      </input_file>
      <input_file id="fl-d2">
         <path>/Applications/ti/ccs910/ccs/tools/compiler/ti-cgt-arm_18.12.2.LTS/lib/</path>
         <kind>archive</kind>
         <file>rtsv7M4_T_le_v4SPD16_eabi.lib</file>
         <name>boot_cortex_m.c.obj</name>
      </input_file>
      <input_file id="fl-d3">
         <path>/Applications/ti/ccs910/ccs/tools/compiler/ti-cgt-arm_18.12.2.LTS/lib/</path>
         <kind>archive</kind>
         <file>rtsv7M4_T_le_v4SPD16_eabi.lib</file>
         <name>div0.asm.obj</name>
      </input_file>
      <input_file id="fl-d4">
         <path>/Applications/ti/ccs910/ccs/tools/compiler/ti-cgt-arm_18.12.2.LTS/lib/</path>
         <kind>archive</kind>
         <file>rtsv7M4_T_le_v4SPD16_eabi.lib</file>
         <name>autoinit.c.obj</name>
      </input_file>
      <input_file id="fl-d5">
         <path>/Applications/ti/ccs910/ccs/tools/compiler/ti-cgt-arm_18.12.2.LTS/lib/</path>
         <kind>archive</kind>
         <file>rtsv7M4_T_le_v4SPD16_eabi.lib</file>
         <name>pre_init.c.obj</name>
      </input_file>
      <input_file id="fl-d6">
         <path>/Applications/ti/ccs910/ccs/tools/compiler/ti-cgt-arm_18.12.2.LTS/lib/</path>
         <kind>archive</kind>
         <file>rtsv7M4_T_le_v4SPD16_eabi.lib</file>
         <name>cpy_tbl.c.obj</name>
      </input_file>
      <input_file id="fl-d7">
         <path>/Applications/ti/ccs910/ccs/tools/compiler/ti-cgt-arm_18.12.2.LTS/lib/</path>
         <kind>archive</kind>
         <file>rtsv7M4_T_le_v4SPD16_eabi.lib</file>
         <name>exit.c.obj</name>
      </input_file>
      <input_file id="fl-d8">
         <path>/Applications/ti/ccs910/ccs/tools/compiler/ti-cgt-arm_18.12.2.LTS/lib/</path>
         <kind>archive</kind>
         <file>rtsv7M4_T_le_v4SPD16_eabi.lib</file>
         <name>_lock.c.obj</name>
      </input_file>
      <input_file id="fl-d9">
         <path>/Applications/ti/ccs910/ccs/tools/compiler/ti-cgt-arm_18.12.2.LTS/lib/</path>
         <kind>archive</kind>
         <file>rtsv7M4_T_le_v4SPD16_eabi.lib</file>
         <name>args_main.c.obj</name>
      </input_file>
      <input_file id="fl-da">
         <path>/Users/rohan/ti/tivaware_c_series_2_1_4_178/driverlib/ccs/Debug/</path>
         <kind>archive</kind>
         <file>driverlib.lib</file>
         <name>gpio.obj</name>
      </input_file>
      <input_file id="fl-db">
         <path>/Users/rohan/ti/tivaware_c_series_2_1_4_178/driverlib/ccs/Debug/</path>
         <kind>archive</kind>
         <file>driverlib.lib</file>
         <name>interrupt.obj</name>
      </input_file>
      <input_file id="fl-dc">
         <path>/Users/rohan/ti/tivaware_c_series_2_1_4_178/driverlib/ccs/Debug/</path>
         <kind>archive</kind>
         <file>driverlib.lib</file>
         <name>ssi.obj</name>
      </input_file>
      <input_file id="fl-dd">
         <path>/Users/rohan/ti/tivaware_c_series_2_1_4_178/driverlib/ccs/Debug/</path>
         <kind>archive</kind>
         <file>driverlib.lib</file>
         <name>sysctl.obj</name>
      </input_file>
      <input_file id="fl-de">
         <path>/Users/rohan/ti/tivaware_c_series_2_1_4_178/driverlib/ccs/Debug/</path>
         <kind>archive</kind>
         <file>driverlib.lib</file>
         <name>uart.obj</name>
      </input_file>
      <input_file id="fl-df">
         <path>/Users/rohan/ti/tivaware_c_series_2_1_4_178/driverlib/ccs/Debug/</path>
         <kind>archive</kind>
         <file>driverlib.lib</file>
         <name>cpu.obj</name>
      </input_file>
   </input_file_list>
   <object_component_list>
      <object_component id="oc-f">
         <name>.intvecs</name>
         <load_address>0x0</load_address>
         <run_address>0x0</run_address>
         <size>0x26c</size>
         <input_file_ref idref="fl-6"/>
      </object_component>
      <object_component id="oc-1c4">
         <name>.text:UARTvprintf</name>
         <load_address>0x26c</load_address>
         <run_address>0x26c</run_address>
         <size>0x1ee</size>
         <input_file_ref idref="fl-f"/>
      </object_component>
      <object_component id="oc-2d0">
         <name>.text:GPIOPadConfigSet</name>
         <load_address>0x45a</load_address>
         <run_address>0x45a</run_address>
         <size>0x132</size>
         <input_file_ref idref="fl-da"/>
      </object_component>
      <object_component id="oc-2e8">
         <name>.text:SysCtlClockGet</name>
         <load_address>0x58c</load_address>
         <run_address>0x58c</run_address>
         <size>0x110</size>
         <input_file_ref idref="fl-dd"/>
      </object_component>
      <object_component id="oc-98">
         <name>.text:xTaskIncrementTick</name>
         <load_address>0x69c</load_address>
         <run_address>0x69c</run_address>
         <size>0x104</size>
         <input_file_ref idref="fl-b"/>
      </object_component>
      <object_component id="oc-1fd">
         <name>.text:xTaskGenericCreate</name>
         <load_address>0x7a0</load_address>
         <run_address>0x7a0</run_address>
         <size>0x100</size>
         <input_file_ref idref="fl-b"/>
      </object_component>
      <object_component id="oc-1dd">
         <name>.text:xQueueGenericSend</name>
         <load_address>0x8a0</load_address>
         <run_address>0x8a0</run_address>
         <size>0xe8</size>
         <input_file_ref idref="fl-a"/>
      </object_component>
      <object_component id="oc-26e">
         <name>.text:xTaskResumeAll</name>
         <load_address>0x988</load_address>
         <run_address>0x988</run_address>
         <size>0xe4</size>
         <input_file_ref idref="fl-b"/>
      </object_component>
      <object_component id="oc-3c">
         <name>.text</name>
         <load_address>0xa6c</load_address>
         <run_address>0xa6c</run_address>
         <size>0xd2</size>
         <input_file_ref idref="fl-d"/>
      </object_component>
      <object_component id="oc-30">
         <name>.text:FaultISR</name>
         <load_address>0xb3e</load_address>
         <run_address>0xb3e</run_address>
         <size>0x2</size>
         <input_file_ref idref="fl-6"/>
      </object_component>
      <object_component id="oc-1eb">
         <name>.text:initialize_matrix</name>
         <load_address>0xb40</load_address>
         <run_address>0xb40</run_address>
         <size>0xc4</size>
         <input_file_ref idref="fl-3"/>
      </object_component>
      <object_component id="oc-347">
         <name>.text:flash</name>
         <load_address>0xc04</load_address>
         <run_address>0xc04</run_address>
         <size>0xbc</size>
         <input_file_ref idref="fl-3"/>
      </object_component>
      <object_component id="oc-1d1">
         <name>.text:pvPortMalloc</name>
         <load_address>0xcc0</load_address>
         <run_address>0xcc0</run_address>
         <size>0xac</size>
         <input_file_ref idref="fl-e"/>
      </object_component>
      <object_component id="oc-55">
         <name>.text</name>
         <load_address>0xd6c</load_address>
         <run_address>0xd6c</run_address>
         <size>0x9c</size>
         <input_file_ref idref="fl-cd"/>
      </object_component>
      <object_component id="oc-34d">
         <name>.text:left</name>
         <load_address>0xe08</load_address>
         <run_address>0xe08</run_address>
         <size>0x8c</size>
         <input_file_ref idref="fl-3"/>
      </object_component>
      <object_component id="oc-353">
         <name>.text:right</name>
         <load_address>0xe94</load_address>
         <run_address>0xe94</run_address>
         <size>0x8c</size>
         <input_file_ref idref="fl-3"/>
      </object_component>
      <object_component id="oc-91">
         <name>.text:vTaskSwitchContext</name>
         <load_address>0xf20</load_address>
         <run_address>0xf20</run_address>
         <size>0x8c</size>
         <input_file_ref idref="fl-b"/>
      </object_component>
      <object_component id="oc-c0">
         <name>.text</name>
         <load_address>0xfac</load_address>
         <run_address>0xfac</run_address>
         <size>0x7a</size>
         <input_file_ref idref="fl-cb"/>
      </object_component>
      <object_component id="oc-36">
         <name>.text:IntDefaultHandler</name>
         <load_address>0x1026</load_address>
         <run_address>0x1026</run_address>
         <size>0x2</size>
         <input_file_ref idref="fl-6"/>
      </object_component>
      <object_component id="oc-3d7">
         <name>.text:xTaskPriorityDisinherit</name>
         <load_address>0x1028</load_address>
         <run_address>0x1028</run_address>
         <size>0x78</size>
         <input_file_ref idref="fl-b"/>
      </object_component>
      <object_component id="oc-2b0">
         <name>.text:xTaskRemoveFromEventList</name>
         <load_address>0x10a0</load_address>
         <run_address>0x10a0</run_address>
         <size>0x74</size>
         <input_file_ref idref="fl-b"/>
      </object_component>
      <object_component id="oc-2aa">
         <name>.text:prvCopyDataToQueue</name>
         <load_address>0x1114</load_address>
         <run_address>0x1114</run_address>
         <size>0x72</size>
         <input_file_ref idref="fl-a"/>
      </object_component>
      <object_component id="oc-2a">
         <name>.text:NmiSR</name>
         <load_address>0x1186</load_address>
         <run_address>0x1186</run_address>
         <size>0x2</size>
         <input_file_ref idref="fl-6"/>
      </object_component>
      <object_component id="oc-203">
         <name>.text:LED_matrix_task</name>
         <load_address>0x1188</load_address>
         <run_address>0x1188</run_address>
         <size>0x70</size>
         <input_file_ref idref="fl-2"/>
      </object_component>
      <object_component id="oc-408">
         <name>.text:IntEnable</name>
         <load_address>0x11f8</load_address>
         <run_address>0x11f8</run_address>
         <size>0x68</size>
         <input_file_ref idref="fl-db"/>
      </object_component>
      <object_component id="oc-12">
         <name>.text:decompress:lzss:__TI_decompress_lzss</name>
         <load_address>0x1260</load_address>
         <run_address>0x1260</run_address>
         <size>0x68</size>
         <input_file_ref idref="fl-d1"/>
      </object_component>
      <object_component id="oc-1f7">
         <name>.text:initialize_signals</name>
         <load_address>0x12c8</load_address>
         <run_address>0x12c8</run_address>
         <size>0x68</size>
         <input_file_ref idref="fl-5"/>
      </object_component>
      <object_component id="oc-125">
         <name>.text:ConfigureUART</name>
         <load_address>0x1330</load_address>
         <run_address>0x1330</run_address>
         <size>0x64</size>
         <input_file_ref idref="fl-4"/>
      </object_component>
      <object_component id="oc-2a4">
         <name>.text:vTaskPlaceOnEventList</name>
         <load_address>0x1394</load_address>
         <run_address>0x1394</run_address>
         <size>0x64</size>
         <input_file_ref idref="fl-b"/>
      </object_component>
      <object_component id="oc-298">
         <name>.text:prvUnlockQueue</name>
         <load_address>0x13f8</load_address>
         <run_address>0x13f8</run_address>
         <size>0x62</size>
         <input_file_ref idref="fl-a"/>
      </object_component>
      <object_component id="oc-39f">
         <name>.text</name>
         <load_address>0x145a</load_address>
         <run_address>0x145a</run_address>
         <size>0x2</size>
         <input_file_ref idref="fl-d3"/>
      </object_component>
      <object_component id="oc-1bd">
         <name>.text:UARTStdioConfig</name>
         <load_address>0x145c</load_address>
         <run_address>0x145c</run_address>
         <size>0x60</size>
         <input_file_ref idref="fl-f"/>
      </object_component>
      <object_component id="oc-340">
         <name>.text:prvInitialiseTaskLists</name>
         <load_address>0x14bc</load_address>
         <run_address>0x14bc</run_address>
         <size>0x60</size>
         <input_file_ref idref="fl-b"/>
      </object_component>
      <object_component id="oc-13d">
         <name>.text:vTaskStartScheduler</name>
         <load_address>0x151c</load_address>
         <run_address>0x151c</run_address>
         <size>0x60</size>
         <input_file_ref idref="fl-b"/>
      </object_component>
      <object_component id="oc-36c">
         <name>.text:prvCheckTasksWaitingTermination</name>
         <load_address>0x157c</load_address>
         <run_address>0x157c</run_address>
         <size>0x58</size>
         <input_file_ref idref="fl-b"/>
      </object_component>
      <object_component id="oc-31b">
         <name>.text:GPIOIntTypeSet</name>
         <load_address>0x15d4</load_address>
         <run_address>0x15d4</run_address>
         <size>0x56</size>
         <input_file_ref idref="fl-da"/>
      </object_component>
      <object_component id="oc-334">
         <name>.text:prvInitialiseTCBVariables</name>
         <load_address>0x162a</load_address>
         <run_address>0x162a</run_address>
         <size>0x56</size>
         <input_file_ref idref="fl-b"/>
      </object_component>
      <object_component id="oc-1f1">
         <name>.text:clear_display</name>
         <load_address>0x1680</load_address>
         <run_address>0x1680</run_address>
         <size>0x54</size>
         <input_file_ref idref="fl-3"/>
      </object_component>
      <object_component id="oc-292">
         <name>.text:xTaskCheckForTimeOut</name>
         <load_address>0x16d4</load_address>
         <run_address>0x16d4</run_address>
         <size>0x54</size>
         <input_file_ref idref="fl-b"/>
      </object_component>
      <object_component id="oc-327">
         <name>.text:buttons_ISR</name>
         <load_address>0x1728</load_address>
         <run_address>0x1728</run_address>
         <size>0x50</size>
         <input_file_ref idref="fl-5"/>
      </object_component>
      <object_component id="oc-2fa">
         <name>.text:set_control_register</name>
         <load_address>0x1778</load_address>
         <run_address>0x1778</run_address>
         <size>0x50</size>
         <input_file_ref idref="fl-3"/>
      </object_component>
      <object_component id="oc-131">
         <name>.text:xQueueCreateMutex</name>
         <load_address>0x17c8</load_address>
         <run_address>0x17c8</run_address>
         <size>0x4e</size>
         <input_file_ref idref="fl-a"/>
      </object_component>
      <object_component id="oc-e9">
         <name>.text:vApplicationStackOverflowHook</name>
         <load_address>0x1816</load_address>
         <run_address>0x1816</run_address>
         <size>0x2</size>
         <input_file_ref idref="fl-4"/>
      </object_component>
      <object_component id="oc-cc">
         <name>.text:main</name>
         <load_address>0x1818</load_address>
         <run_address>0x1818</run_address>
         <size>0x4c</size>
         <input_file_ref idref="fl-4"/>
      </object_component>
      <object_component id="oc-3cd">
         <name>.text:prvAddCurrentTaskToDelayedList</name>
         <load_address>0x1864</load_address>
         <run_address>0x1864</run_address>
         <size>0x4c</size>
         <input_file_ref idref="fl-b"/>
      </object_component>
      <object_component id="oc-2ca">
         <name>.text:GPIOPinConfigure</name>
         <load_address>0x18b0</load_address>
         <run_address>0x18b0</run_address>
         <size>0x48</size>
         <input_file_ref idref="fl-da"/>
      </object_component>
      <object_component id="oc-254">
         <name>.text:UARTwrite</name>
         <load_address>0x18f8</load_address>
         <run_address>0x18f8</run_address>
         <size>0x48</size>
         <input_file_ref idref="fl-f"/>
      </object_component>
      <object_component id="oc-137">
         <name>.text:LED_martix_task_init</name>
         <load_address>0x1940</load_address>
         <run_address>0x1940</run_address>
         <size>0x44</size>
         <input_file_ref idref="fl-2"/>
      </object_component>
      <object_component id="oc-3fc">
         <name>.text:_GPIOIntNumberGet</name>
         <load_address>0x1984</load_address>
         <run_address>0x1984</run_address>
         <size>0x44</size>
         <input_file_ref idref="fl-da"/>
      </object_component>
      <object_component id="oc-153">
         <name>.text:__TI_auto_init_nobinit_nopinit:__TI_auto_init_nobinit_nopinit</name>
         <load_address>0x19c8</load_address>
         <run_address>0x19c8</run_address>
         <size>0x44</size>
         <input_file_ref idref="fl-d4"/>
      </object_component>
      <object_component id="oc-41e">
         <name>.text:vPortFree</name>
         <load_address>0x1a0c</load_address>
         <run_address>0x1a0c</run_address>
         <size>0x44</size>
         <input_file_ref idref="fl-e"/>
      </object_component>
      <object_component id="oc-25a">
         <name>.text</name>
         <load_address>0x1a50</load_address>
         <run_address>0x1a50</run_address>
         <size>0x40</size>
         <input_file_ref idref="fl-ce"/>
      </object_component>
      <object_component id="oc-20a">
         <name>.text:xPortStartScheduler</name>
         <load_address>0x1a90</load_address>
         <run_address>0x1a90</run_address>
         <size>0x40</size>
         <input_file_ref idref="fl-c"/>
      </object_component>
      <object_component id="oc-2ee">
         <name>.text:SSIConfigSetExpClk</name>
         <load_address>0x1ad0</load_address>
         <run_address>0x1ad0</run_address>
         <size>0x3c</size>
         <input_file_ref idref="fl-dc"/>
      </object_component>
      <object_component id="oc-32e">
         <name>.text:prvAllocateTCBAndStack</name>
         <load_address>0x1b0c</load_address>
         <run_address>0x1b0c</run_address>
         <size>0x3a</size>
         <input_file_ref idref="fl-b"/>
      </object_component>
      <object_component id="oc-2c4">
         <name>.text:SysCtlPeripheralReady</name>
         <load_address>0x1b48</load_address>
         <run_address>0x1b48</run_address>
         <size>0x38</size>
         <input_file_ref idref="fl-dd"/>
      </object_component>
      <object_component id="oc-3c7">
         <name>.text:vListInsert</name>
         <load_address>0x1b80</load_address>
         <run_address>0x1b80</run_address>
         <size>0x38</size>
         <input_file_ref idref="fl-9"/>
      </object_component>
      <object_component id="oc-402">
         <name>.text:IntRegister</name>
         <load_address>0x1bb8</load_address>
         <run_address>0x1bb8</run_address>
         <size>0x34</size>
         <input_file_ref idref="fl-db"/>
      </object_component>
      <object_component id="oc-2be">
         <name>.text:SysCtlPeripheralEnable</name>
         <load_address>0x1bec</load_address>
         <run_address>0x1bec</run_address>
         <size>0x34</size>
         <input_file_ref idref="fl-dd"/>
      </object_component>
      <object_component id="oc-73">
         <name>.text:_c_int00_noargs:_c_int00_noargs</name>
         <load_address>0x1c20</load_address>
         <run_address>0x1c20</run_address>
         <size>0x34</size>
         <input_file_ref idref="fl-d2"/>
      </object_component>
      <object_component id="oc-268">
         <name>.text:prvHeapInit</name>
         <load_address>0x1c54</load_address>
         <run_address>0x1c54</run_address>
         <size>0x30</size>
         <input_file_ref idref="fl-e"/>
      </object_component>
      <object_component id="oc-41">
         <name>.text:xPortSysTickHandler</name>
         <load_address>0x1c84</load_address>
         <run_address>0x1c84</run_address>
         <size>0x2c</size>
         <input_file_ref idref="fl-c"/>
      </object_component>
      <object_component id="oc-3e8">
         <name>.text:GPIODirModeSet</name>
         <load_address>0x1cb0</load_address>
         <run_address>0x1cb0</run_address>
         <size>0x2a</size>
         <input_file_ref idref="fl-da"/>
      </object_component>
      <object_component id="oc-f3">
         <name>.text:prvResetNextTaskUnblockTime</name>
         <load_address>0x1cdc</load_address>
         <run_address>0x1cdc</run_address>
         <size>0x28</size>
         <input_file_ref idref="fl-b"/>
      </object_component>
      <object_component id="oc-33a">
         <name>.text:pxPortInitialiseStack</name>
         <load_address>0x1d04</load_address>
         <run_address>0x1d04</run_address>
         <size>0x28</size>
         <input_file_ref idref="fl-c"/>
      </object_component>
      <object_component id="oc-f9">
         <name>.text:uxListRemove</name>
         <load_address>0x1d2c</load_address>
         <run_address>0x1d2c</run_address>
         <size>0x20</size>
         <input_file_ref idref="fl-9"/>
      </object_component>
      <object_component id="oc-29e">
         <name>.text:prvIsQueueFull</name>
         <load_address>0x1d4c</load_address>
         <run_address>0x1d4c</run_address>
         <size>0x1c</size>
         <input_file_ref idref="fl-a"/>
      </object_component>
      <object_component id="oc-28c">
         <name>.text:vPortEnterCritical</name>
         <load_address>0x1d68</load_address>
         <run_address>0x1d68</run_address>
         <size>0x1c</size>
         <input_file_ref idref="fl-c"/>
      </object_component>
      <object_component id="oc-12b">
         <name>.text:UARTprintf</name>
         <load_address>0x1d84</load_address>
         <run_address>0x1d84</run_address>
         <size>0x1a</size>
         <input_file_ref idref="fl-f"/>
      </object_component>
      <object_component id="oc-315">
         <name>.text:GPIOIntRegister</name>
         <load_address>0x1d9e</load_address>
         <run_address>0x1d9e</run_address>
         <size>0x18</size>
         <input_file_ref idref="fl-da"/>
      </object_component>
      <object_component id="oc-2d6">
         <name>.text:GPIOPinTypeGPIOOutput</name>
         <load_address>0x1db6</load_address>
         <run_address>0x1db6</run_address>
         <size>0x18</size>
         <input_file_ref idref="fl-da"/>
      </object_component>
      <object_component id="oc-ff">
         <name>.text:vListInsertEnd</name>
         <load_address>0x1dce</load_address>
         <run_address>0x1dce</run_address>
         <size>0x18</size>
         <input_file_ref idref="fl-9"/>
      </object_component>
      <object_component id="oc-286">
         <name>.text:vPortExitCritical</name>
         <load_address>0x1de8</load_address>
         <run_address>0x1de8</run_address>
         <size>0x18</size>
         <input_file_ref idref="fl-c"/>
      </object_component>
      <object_component id="oc-280">
         <name>.text:vTaskSetTimeOutState</name>
         <load_address>0x1e00</load_address>
         <run_address>0x1e00</run_address>
         <size>0x18</size>
         <input_file_ref idref="fl-b"/>
      </object_component>
      <object_component id="oc-1d7">
         <name>.text:vListInitialise</name>
         <load_address>0x1e18</load_address>
         <run_address>0x1e18</run_address>
         <size>0x16</size>
         <input_file_ref idref="fl-9"/>
      </object_component>
      <object_component id="oc-362">
         <name>.text:vPortSetupTimerInterrupt</name>
         <load_address>0x1e30</load_address>
         <run_address>0x1e30</run_address>
         <size>0x14</size>
         <input_file_ref idref="fl-c"/>
      </object_component>
      <object_component id="oc-30f">
         <name>.text:GPIOPinTypeGPIOInput</name>
         <load_address>0x1e44</load_address>
         <run_address>0x1e44</run_address>
         <size>0x12</size>
         <input_file_ref idref="fl-da"/>
      </object_component>
      <object_component id="oc-2e2">
         <name>.text:GPIOPinTypeSSI</name>
         <load_address>0x1e56</load_address>
         <run_address>0x1e56</run_address>
         <size>0x12</size>
         <input_file_ref idref="fl-da"/>
      </object_component>
      <object_component id="oc-44e">
         <name>.text:prvDeleteTCB</name>
         <load_address>0x1e68</load_address>
         <run_address>0x1e68</run_address>
         <size>0x12</size>
         <input_file_ref idref="fl-b"/>
      </object_component>
      <object_component id="oc-42c">
         <name>.text:prvTaskExitError</name>
         <load_address>0x1e7a</load_address>
         <run_address>0x1e7a</run_address>
         <size>0x10</size>
         <input_file_ref idref="fl-c"/>
      </object_component>
      <object_component id="oc-262">
         <name>.text:vTaskSuspendAll</name>
         <load_address>0x1e8c</load_address>
         <run_address>0x1e8c</run_address>
         <size>0x10</size>
         <input_file_ref idref="fl-b"/>
      </object_component>
      <object_component id="oc-411">
         <name>.text:GPIOIntStatus</name>
         <load_address>0x1e9c</load_address>
         <run_address>0x1e9c</run_address>
         <size>0xe</size>
         <input_file_ref idref="fl-da"/>
      </object_component>
      <object_component id="oc-18">
         <name>.text:decompress:none:__TI_decompress_none</name>
         <load_address>0x1eaa</load_address>
         <run_address>0x1eaa</run_address>
         <size>0xe</size>
         <input_file_ref idref="fl-d0"/>
      </object_component>
      <object_component id="oc-321">
         <name>.text:GPIOIntEnable</name>
         <load_address>0x1eb8</load_address>
         <run_address>0x1eb8</run_address>
         <size>0xc</size>
         <input_file_ref idref="fl-da"/>
      </object_component>
      <object_component id="oc-67">
         <name>.text:decompress:ZI:__TI_zero_init</name>
         <load_address>0x1ec4</load_address>
         <run_address>0x1ec4</run_address>
         <size>0xc</size>
         <input_file_ref idref="fl-cf"/>
      </object_component>
      <object_component id="oc-3bf">
         <name>.text:vTaskMissedYield</name>
         <load_address>0x1ed0</load_address>
         <run_address>0x1ed0</run_address>
         <size>0xc</size>
         <input_file_ref idref="fl-b"/>
      </object_component>
      <object_component id="oc-302">
         <name>.text:SSIDataPut</name>
         <load_address>0x1edc</load_address>
         <run_address>0x1edc</run_address>
         <size>0xa</size>
         <input_file_ref idref="fl-dc"/>
      </object_component>
      <object_component id="oc-2f4">
         <name>.text:SSIEnable</name>
         <load_address>0x1ee6</load_address>
         <run_address>0x1ee6</run_address>
         <size>0xa</size>
         <input_file_ref idref="fl-dc"/>
      </object_component>
      <object_component id="oc-308">
         <name>.text:SSIBusy</name>
         <load_address>0x1ef0</load_address>
         <run_address>0x1ef0</run_address>
         <size>0x8</size>
         <input_file_ref idref="fl-dc"/>
      </object_component>
      <object_component id="oc-210">
         <name>.text:prvIdleTask</name>
         <load_address>0x1ef8</load_address>
         <run_address>0x1ef8</run_address>
         <size>0x8</size>
         <input_file_ref idref="fl-b"/>
      </object_component>
      <object_component id="oc-417">
         <name>.text:GPIOIntClear</name>
         <load_address>0x1f00</load_address>
         <run_address>0x1f00</run_address>
         <size>0x6</size>
         <input_file_ref idref="fl-da"/>
      </object_component>
      <object_component id="oc-2dc">
         <name>.text:GPIOPinWrite</name>
         <load_address>0x1f06</load_address>
         <run_address>0x1f06</run_address>
         <size>0x6</size>
         <input_file_ref idref="fl-da"/>
      </object_component>
      <object_component id="oc-24">
         <name>.text:ResetISR</name>
         <load_address>0x1f0c</load_address>
         <run_address>0x1f0c</run_address>
         <size>0x6</size>
         <input_file_ref idref="fl-6"/>
      </object_component>
      <object_component id="oc-301">
         <name>.text:SysCtlDelay</name>
         <load_address>0x1f12</load_address>
         <run_address>0x1f12</run_address>
         <size>0x6</size>
         <input_file_ref idref="fl-dd"/>
      </object_component>
      <object_component id="oc-1b7">
         <name>.text:UARTClockSourceSet</name>
         <load_address>0x1f18</load_address>
         <run_address>0x1f18</run_address>
         <size>0x6</size>
         <input_file_ref idref="fl-de"/>
      </object_component>
      <object_component id="oc-425">
         <name>.text:vListInitialiseItem</name>
         <load_address>0x1f1e</load_address>
         <run_address>0x1f1e</run_address>
         <size>0x6</size>
         <input_file_ref idref="fl-9"/>
      </object_component>
      <object_component id="oc-c6">
         <name>.text:_system_pre_init</name>
         <load_address>0x1f24</load_address>
         <run_address>0x1f24</run_address>
         <size>0x4</size>
         <input_file_ref idref="fl-d5"/>
      </object_component>
      <object_component id="oc-147">
         <name>.text:abort:abort</name>
         <load_address>0x1f28</load_address>
         <run_address>0x1f28</run_address>
         <size>0x4</size>
         <input_file_ref idref="fl-d7"/>
      </object_component>
      <object_component id="oc-482">
         <name>.const:g_ppui32GPIOIntMapSnowflake</name>
         <load_address>0x1f2c</load_address>
         <run_address>0x1f2c</run_address>
         <size>0xd8</size>
         <input_file_ref idref="fl-da"/>
      </object_component>
      <object_component id="oc-47f">
         <name>.const:g_ppui32GPIOIntMapBlizzard</name>
         <load_address>0x2004</load_address>
         <run_address>0x2004</run_address>
         <size>0xc0</size>
         <input_file_ref idref="fl-da"/>
      </object_component>
      <object_component id="oc-3e2">
         <name>.const:g_pui32GPIOBaseAddrs</name>
         <load_address>0x20c4</load_address>
         <run_address>0x20c4</run_address>
         <size>0x90</size>
         <input_file_ref idref="fl-da"/>
      </object_component>
      <object_component id="oc-48b">
         <name>.const</name>
         <load_address>0x2154</load_address>
         <run_address>0x2154</run_address>
         <size>0x70</size>
         <input_file_ref idref="fl-db"/>
      </object_component>
      <object_component id="oc-3f1">
         <name>.const:g_pui32Xtals</name>
         <load_address>0x21c4</load_address>
         <run_address>0x21c4</run_address>
         <size>0x6c</size>
         <input_file_ref idref="fl-dd"/>
      </object_component>
      <object_component id="oc-24a">
         <name>.const:g_ui32UARTBase</name>
         <load_address>0x2230</load_address>
         <run_address>0x2230</run_address>
         <size>0xc</size>
         <input_file_ref idref="fl-f"/>
      </object_component>
      <object_component id="oc-247">
         <name>.const:g_ui32UARTPeriph</name>
         <load_address>0x223c</load_address>
         <run_address>0x223c</run_address>
         <size>0xc</size>
         <input_file_ref idref="fl-f"/>
      </object_component>
      <object_component id="oc-8e">
         <name>.const</name>
         <load_address>0x2248</load_address>
         <run_address>0x2248</run_address>
         <size>0x4</size>
         <input_file_ref idref="fl-c"/>
      </object_component>
      <object_component id="oc-4cf">
         <name>.cinit..data.load</name>
         <load_address>0x2250</load_address>
         <run_address>0x2250</run_address>
         <size>0xf</size>
      </object_component>
      <object_component id="oc-4cc">
         <name>__TI_handler_table</name>
         <load_address>0x2260</load_address>
         <run_address>0x2260</run_address>
         <size>0xc</size>
      </object_component>
      <object_component id="oc-4d0">
         <name>.cinit..bss.load</name>
         <load_address>0x2270</load_address>
         <run_address>0x2270</run_address>
         <size>0x8</size>
      </object_component>
      <object_component id="oc-4ce">
         <name>.cinit..vtable.load</name>
         <load_address>0x2278</load_address>
         <run_address>0x2278</run_address>
         <size>0x8</size>
      </object_component>
      <object_component id="oc-4cd">
         <name>__TI_cinit_table</name>
         <load_address>0x2280</load_address>
         <run_address>0x2280</run_address>
         <size>0x18</size>
      </object_component>
      <object_component id="oc-486">
         <name>.vtable</name>
         <uninitialized>true</uninitialized>
         <run_address>0x20000000</run_address>
         <size>0x26c</size>
         <input_file_ref idref="fl-db"/>
      </object_component>
      <object_component id="oc-359">
         <name>.data</name>
         <load_address>0x20007b9d</load_address>
         <run_address>0x20007b9d</run_address>
         <size>0x1</size>
         <input_file_ref idref="fl-2"/>
      </object_component>
      <object_component id="oc-8b">
         <name>.data</name>
         <load_address>0x20007b60</load_address>
         <run_address>0x20007b60</run_address>
         <size>0x30</size>
         <input_file_ref idref="fl-b"/>
      </object_component>
      <object_component id="oc-368">
         <name>.data</name>
         <load_address>0x20007ba0</load_address>
         <run_address>0x20007ba0</run_address>
         <size>0x4</size>
         <input_file_ref idref="fl-c"/>
      </object_component>
      <object_component id="oc-274">
         <name>.data</name>
         <load_address>0x20007b90</load_address>
         <run_address>0x20007b90</run_address>
         <size>0x8</size>
         <input_file_ref idref="fl-e"/>
      </object_component>
      <object_component id="oc-24d">
         <name>.data</name>
         <load_address>0x20007b98</load_address>
         <run_address>0x20007b98</run_address>
         <size>0x5</size>
         <input_file_ref idref="fl-f"/>
      </object_component>
      <object_component id="oc-ef">
         <name>.bss:pxReadyTasksLists</name>
         <uninitialized>true</uninitialized>
         <run_address>0x2000779c</run_address>
         <size>0x140</size>
         <input_file_ref idref="fl-b"/>
      </object_component>
      <object_component id="oc-433">
         <name>.bss:xDelayedTaskList1</name>
         <uninitialized>true</uninitialized>
         <run_address>0x200078dc</run_address>
         <size>0x14</size>
         <input_file_ref idref="fl-b"/>
      </object_component>
      <object_component id="oc-436">
         <name>.bss:xDelayedTaskList2</name>
         <uninitialized>true</uninitialized>
         <run_address>0x200078f0</run_address>
         <size>0x14</size>
         <input_file_ref idref="fl-b"/>
      </object_component>
      <object_component id="oc-105">
         <name>.bss</name>
         <uninitialized>true</uninitialized>
         <run_address>0x20007940</run_address>
         <size>0x8</size>
         <input_file_ref idref="fl-b"/>
      </object_component>
      <object_component id="oc-3aa">
         <name>.bss:xPendingReadyList</name>
         <uninitialized>true</uninitialized>
         <run_address>0x20007904</run_address>
         <size>0x14</size>
         <input_file_ref idref="fl-b"/>
      </object_component>
      <object_component id="oc-439">
         <name>.bss:xTasksWaitingTermination</name>
         <uninitialized>true</uninitialized>
         <run_address>0x2000792c</run_address>
         <size>0x14</size>
         <input_file_ref idref="fl-b"/>
      </object_component>
      <object_component id="oc-3d3">
         <name>.bss:xSuspendedTaskList</name>
         <uninitialized>true</uninitialized>
         <run_address>0x20007918</run_address>
         <size>0x14</size>
         <input_file_ref idref="fl-b"/>
      </object_component>
      <object_component id="oc-3a6">
         <name>.bss:ucHeap</name>
         <uninitialized>true</uninitialized>
         <run_address>0x2000026c</run_address>
         <size>0x7530</size>
         <input_file_ref idref="fl-e"/>
      </object_component>
      <object_component id="oc-277">
         <name>.bss:xStart</name>
         <uninitialized>true</uninitialized>
         <run_address>0x20007950</run_address>
         <size>0x8</size>
         <input_file_ref idref="fl-e"/>
      </object_component>
      <object_component id="oc-27a">
         <name>.bss:xEnd</name>
         <uninitialized>true</uninitialized>
         <run_address>0x20007948</run_address>
         <size>0x8</size>
         <input_file_ref idref="fl-e"/>
      </object_component>
      <object_component id="oc-35c">
         <name>.common:status</name>
         <uninitialized>true</uninitialized>
         <run_address>0x2000795c</run_address>
         <size>0x2</size>
      </object_component>
      <object_component id="oc-143">
         <name>.common:g_pUARTSemaphore</name>
         <uninitialized>true</uninitialized>
         <run_address>0x20007958</run_address>
         <size>0x4</size>
      </object_component>
      <object_component id="oc-21">
         <name>.stack</name>
         <uninitialized>true</uninitialized>
         <run_address>0x20007960</run_address>
         <size>0x4</size>
         <input_file_ref idref="fl-d2"/>
      </object_component>
      <object_component id="oc-4d1">
         <name>.stack</name>
         <uninitialized>true</uninitialized>
         <run_address>0x20007960</run_address>
         <size>0x0</size>
      </object_component>
      <object_component id="oc-113">
         <name>.debug_info</name>
         <load_address>0x0</load_address>
         <run_address>0x0</run_address>
         <size>0x455</size>
         <input_file_ref idref="fl-2"/>
      </object_component>
      <object_component id="oc-35a">
         <name>.debug_info</name>
         <load_address>0x455</load_address>
         <run_address>0x455</run_address>
         <size>0xda</size>
         <input_file_ref idref="fl-2"/>
      </object_component>
      <object_component id="oc-204">
         <name>.debug_info</name>
         <load_address>0x52f</load_address>
         <run_address>0x52f</run_address>
         <size>0x16b</size>
         <input_file_ref idref="fl-2"/>
      </object_component>
      <object_component id="oc-138">
         <name>.debug_info</name>
         <load_address>0x69a</load_address>
         <run_address>0x69a</run_address>
         <size>0x196</size>
         <input_file_ref idref="fl-2"/>
      </object_component>
      <object_component id="oc-196">
         <name>.debug_info</name>
         <load_address>0x830</load_address>
         <run_address>0x830</run_address>
         <size>0x2ef</size>
         <input_file_ref idref="fl-2"/>
      </object_component>
      <object_component id="oc-1b2">
         <name>.debug_info</name>
         <load_address>0xb1f</load_address>
         <run_address>0xb1f</run_address>
         <size>0xcc</size>
         <input_file_ref idref="fl-2"/>
      </object_component>
      <object_component id="oc-442">
         <name>.debug_info</name>
         <load_address>0xbeb</load_address>
         <run_address>0xbeb</run_address>
         <size>0x51</size>
         <input_file_ref idref="fl-2"/>
      </object_component>
      <object_component id="oc-a1">
         <name>.debug_info</name>
         <load_address>0xc3c</load_address>
         <run_address>0xc3c</run_address>
         <size>0x26b</size>
         <input_file_ref idref="fl-2"/>
      </object_component>
      <object_component id="oc-10e">
         <name>.debug_info</name>
         <load_address>0xea7</load_address>
         <run_address>0xea7</run_address>
         <size>0x8b</size>
         <input_file_ref idref="fl-2"/>
      </object_component>
      <object_component id="oc-18c">
         <name>.debug_info</name>
         <load_address>0xf32</load_address>
         <run_address>0xf32</run_address>
         <size>0x2c</size>
         <input_file_ref idref="fl-2"/>
      </object_component>
      <object_component id="oc-109">
         <name>.debug_info</name>
         <load_address>0xf5e</load_address>
         <run_address>0xf5e</run_address>
         <size>0x297</size>
         <input_file_ref idref="fl-2"/>
      </object_component>
      <object_component id="oc-a6">
         <name>.debug_info</name>
         <load_address>0x11f5</load_address>
         <run_address>0x11f5</run_address>
         <size>0xbb</size>
         <input_file_ref idref="fl-2"/>
      </object_component>
      <object_component id="oc-e1">
         <name>.debug_info</name>
         <load_address>0x12b0</load_address>
         <run_address>0x12b0</run_address>
         <size>0x53</size>
         <input_file_ref idref="fl-2"/>
      </object_component>
      <object_component id="oc-1a0">
         <name>.debug_info</name>
         <load_address>0x1303</load_address>
         <run_address>0x1303</run_address>
         <size>0x14c</size>
         <input_file_ref idref="fl-2"/>
      </object_component>
      <object_component id="oc-35d">
         <name>.debug_info</name>
         <load_address>0x144f</load_address>
         <run_address>0x144f</run_address>
         <size>0x563</size>
         <input_file_ref idref="fl-3"/>
      </object_component>
      <object_component id="oc-2fb">
         <name>.debug_info</name>
         <load_address>0x19b2</load_address>
         <run_address>0x19b2</run_address>
         <size>0x20a</size>
         <input_file_ref idref="fl-3"/>
      </object_component>
      <object_component id="oc-354">
         <name>.debug_info</name>
         <load_address>0x1bbc</load_address>
         <run_address>0x1bbc</run_address>
         <size>0x1cc</size>
         <input_file_ref idref="fl-3"/>
      </object_component>
      <object_component id="oc-34e">
         <name>.debug_info</name>
         <load_address>0x1d88</load_address>
         <run_address>0x1d88</run_address>
         <size>0x1ca</size>
         <input_file_ref idref="fl-3"/>
      </object_component>
      <object_component id="oc-1f2">
         <name>.debug_info</name>
         <load_address>0x1f52</load_address>
         <run_address>0x1f52</run_address>
         <size>0x184</size>
         <input_file_ref idref="fl-3"/>
      </object_component>
      <object_component id="oc-1ec">
         <name>.debug_info</name>
         <load_address>0x20d6</load_address>
         <run_address>0x20d6</run_address>
         <size>0x312</size>
         <input_file_ref idref="fl-3"/>
      </object_component>
      <object_component id="oc-348">
         <name>.debug_info</name>
         <load_address>0x23e8</load_address>
         <run_address>0x23e8</run_address>
         <size>0x266</size>
         <input_file_ref idref="fl-3"/>
      </object_component>
      <object_component id="oc-144">
         <name>.debug_info</name>
         <load_address>0x264e</load_address>
         <run_address>0x264e</run_address>
         <size>0x434</size>
         <input_file_ref idref="fl-4"/>
      </object_component>
      <object_component id="oc-ea">
         <name>.debug_info</name>
         <load_address>0x2a82</load_address>
         <run_address>0x2a82</run_address>
         <size>0x155</size>
         <input_file_ref idref="fl-4"/>
      </object_component>
      <object_component id="oc-126">
         <name>.debug_info</name>
         <load_address>0x2bd7</load_address>
         <run_address>0x2bd7</run_address>
         <size>0x15b</size>
         <input_file_ref idref="fl-4"/>
      </object_component>
      <object_component id="oc-cd">
         <name>.debug_info</name>
         <load_address>0x2d32</load_address>
         <run_address>0x2d32</run_address>
         <size>0x16e</size>
         <input_file_ref idref="fl-4"/>
      </object_component>
      <object_component id="oc-50">
         <name>.debug_info</name>
         <load_address>0x2ea0</load_address>
         <run_address>0x2ea0</run_address>
         <size>0x84</size>
         <input_file_ref idref="fl-4"/>
      </object_component>
      <object_component id="oc-1e4">
         <name>.debug_info</name>
         <load_address>0x2f24</load_address>
         <run_address>0x2f24</run_address>
         <size>0x46</size>
         <input_file_ref idref="fl-4"/>
      </object_component>
      <object_component id="oc-219">
         <name>.debug_info</name>
         <load_address>0x2f6a</load_address>
         <run_address>0x2f6a</run_address>
         <size>0x2c</size>
         <input_file_ref idref="fl-4"/>
      </object_component>
      <object_component id="oc-1cc">
         <name>.debug_info</name>
         <load_address>0x2f96</load_address>
         <run_address>0x2f96</run_address>
         <size>0x2c</size>
         <input_file_ref idref="fl-4"/>
      </object_component>
      <object_component id="oc-35f">
         <name>.debug_info</name>
         <load_address>0x2fc2</load_address>
         <run_address>0x2fc2</run_address>
         <size>0x50c</size>
         <input_file_ref idref="fl-5"/>
      </object_component>
      <object_component id="oc-1f8">
         <name>.debug_info</name>
         <load_address>0x34ce</load_address>
         <run_address>0x34ce</run_address>
         <size>0x1e1</size>
         <input_file_ref idref="fl-5"/>
      </object_component>
      <object_component id="oc-328">
         <name>.debug_info</name>
         <load_address>0x36af</load_address>
         <run_address>0x36af</run_address>
         <size>0x194</size>
         <input_file_ref idref="fl-5"/>
      </object_component>
      <object_component id="oc-49">
         <name>.debug_info</name>
         <load_address>0x3843</load_address>
         <run_address>0x3843</run_address>
         <size>0x325</size>
         <input_file_ref idref="fl-6"/>
      </object_component>
      <object_component id="oc-10">
         <name>.debug_info</name>
         <load_address>0x3b68</load_address>
         <run_address>0x3b68</run_address>
         <size>0xe4</size>
         <input_file_ref idref="fl-6"/>
      </object_component>
      <object_component id="oc-25">
         <name>.debug_info</name>
         <load_address>0x3c4c</load_address>
         <run_address>0x3c4c</run_address>
         <size>0x114</size>
         <input_file_ref idref="fl-6"/>
      </object_component>
      <object_component id="oc-2b">
         <name>.debug_info</name>
         <load_address>0x3d60</load_address>
         <run_address>0x3d60</run_address>
         <size>0x105</size>
         <input_file_ref idref="fl-6"/>
      </object_component>
      <object_component id="oc-37">
         <name>.debug_info</name>
         <load_address>0x3e65</load_address>
         <run_address>0x3e65</run_address>
         <size>0x11d</size>
         <input_file_ref idref="fl-6"/>
      </object_component>
      <object_component id="oc-31">
         <name>.debug_info</name>
         <load_address>0x3f82</load_address>
         <run_address>0x3f82</run_address>
         <size>0x10b</size>
         <input_file_ref idref="fl-6"/>
      </object_component>
      <object_component id="oc-1ac">
         <name>.debug_info</name>
         <load_address>0x408d</load_address>
         <run_address>0x408d</run_address>
         <size>0x30c</size>
         <input_file_ref idref="fl-9"/>
      </object_component>
      <object_component id="oc-100">
         <name>.debug_info</name>
         <load_address>0x4399</load_address>
         <run_address>0x4399</run_address>
         <size>0x261</size>
         <input_file_ref idref="fl-9"/>
      </object_component>
      <object_component id="oc-3c8">
         <name>.debug_info</name>
         <load_address>0x45fa</load_address>
         <run_address>0x45fa</run_address>
         <size>0x28c</size>
         <input_file_ref idref="fl-9"/>
      </object_component>
      <object_component id="oc-426">
         <name>.debug_info</name>
         <load_address>0x4886</load_address>
         <run_address>0x4886</run_address>
         <size>0x20e</size>
         <input_file_ref idref="fl-9"/>
      </object_component>
      <object_component id="oc-1d8">
         <name>.debug_info</name>
         <load_address>0x4a94</load_address>
         <run_address>0x4a94</run_address>
         <size>0x206</size>
         <input_file_ref idref="fl-9"/>
      </object_component>
      <object_component id="oc-fa">
         <name>.debug_info</name>
         <load_address>0x4c9a</load_address>
         <run_address>0x4c9a</run_address>
         <size>0x239</size>
         <input_file_ref idref="fl-9"/>
      </object_component>
      <object_component id="oc-187">
         <name>.debug_info</name>
         <load_address>0x4ed3</load_address>
         <run_address>0x4ed3</run_address>
         <size>0x110</size>
         <input_file_ref idref="fl-9"/>
      </object_component>
      <object_component id="oc-1e9">
         <name>.debug_info</name>
         <load_address>0x4fe3</load_address>
         <run_address>0x4fe3</run_address>
         <size>0x79d</size>
         <input_file_ref idref="fl-a"/>
      </object_component>
      <object_component id="oc-299">
         <name>.debug_info</name>
         <load_address>0x5780</load_address>
         <run_address>0x5780</run_address>
         <size>0x2db</size>
         <input_file_ref idref="fl-a"/>
      </object_component>
      <object_component id="oc-29f">
         <name>.debug_info</name>
         <load_address>0x5a5b</load_address>
         <run_address>0x5a5b</run_address>
         <size>0x259</size>
         <input_file_ref idref="fl-a"/>
      </object_component>
      <object_component id="oc-2ab">
         <name>.debug_info</name>
         <load_address>0x5cb4</load_address>
         <run_address>0x5cb4</run_address>
         <size>0x2c1</size>
         <input_file_ref idref="fl-a"/>
      </object_component>
      <object_component id="oc-1de">
         <name>.debug_info</name>
         <load_address>0x5f75</load_address>
         <run_address>0x5f75</run_address>
         <size>0x4f4</size>
         <input_file_ref idref="fl-a"/>
      </object_component>
      <object_component id="oc-132">
         <name>.debug_info</name>
         <load_address>0x6469</load_address>
         <run_address>0x6469</run_address>
         <size>0x29c</size>
         <input_file_ref idref="fl-a"/>
      </object_component>
      <object_component id="oc-2b9">
         <name>.debug_info</name>
         <load_address>0x6705</load_address>
         <run_address>0x6705</run_address>
         <size>0x1cd</size>
         <input_file_ref idref="fl-a"/>
      </object_component>
      <object_component id="oc-e0">
         <name>.debug_info</name>
         <load_address>0x68d2</load_address>
         <run_address>0x68d2</run_address>
         <size>0x784</size>
         <input_file_ref idref="fl-b"/>
      </object_component>
      <object_component id="oc-8c">
         <name>.debug_info</name>
         <load_address>0x7056</load_address>
         <run_address>0x7056</run_address>
         <size>0x330</size>
         <input_file_ref idref="fl-b"/>
      </object_component>
      <object_component id="oc-f0">
         <name>.debug_info</name>
         <load_address>0x7386</load_address>
         <run_address>0x7386</run_address>
         <size>0x12c</size>
         <input_file_ref idref="fl-b"/>
      </object_component>
      <object_component id="oc-434">
         <name>.debug_info</name>
         <load_address>0x74b2</load_address>
         <run_address>0x74b2</run_address>
         <size>0x12c</size>
         <input_file_ref idref="fl-b"/>
      </object_component>
      <object_component id="oc-437">
         <name>.debug_info</name>
         <load_address>0x75de</load_address>
         <run_address>0x75de</run_address>
         <size>0x12c</size>
         <input_file_ref idref="fl-b"/>
      </object_component>
      <object_component id="oc-106">
         <name>.debug_info</name>
         <load_address>0x770a</load_address>
         <run_address>0x770a</run_address>
         <size>0x16e</size>
         <input_file_ref idref="fl-b"/>
      </object_component>
      <object_component id="oc-3ab">
         <name>.debug_info</name>
         <load_address>0x7878</load_address>
         <run_address>0x7878</run_address>
         <size>0x12c</size>
         <input_file_ref idref="fl-b"/>
      </object_component>
      <object_component id="oc-43a">
         <name>.debug_info</name>
         <load_address>0x79a4</load_address>
         <run_address>0x79a4</run_address>
         <size>0x13a</size>
         <input_file_ref idref="fl-b"/>
      </object_component>
      <object_component id="oc-3d4">
         <name>.debug_info</name>
         <load_address>0x7ade</load_address>
         <run_address>0x7ade</run_address>
         <size>0x12e</size>
         <input_file_ref idref="fl-b"/>
      </object_component>
      <object_component id="oc-f4">
         <name>.debug_info</name>
         <load_address>0x7c0c</load_address>
         <run_address>0x7c0c</run_address>
         <size>0x20c</size>
         <input_file_ref idref="fl-b"/>
      </object_component>
      <object_component id="oc-99">
         <name>.debug_info</name>
         <load_address>0x7e18</load_address>
         <run_address>0x7e18</run_address>
         <size>0x2dc</size>
         <input_file_ref idref="fl-b"/>
      </object_component>
      <object_component id="oc-26f">
         <name>.debug_info</name>
         <load_address>0x80f4</load_address>
         <run_address>0x80f4</run_address>
         <size>0x2a4</size>
         <input_file_ref idref="fl-b"/>
      </object_component>
      <object_component id="oc-2b1">
         <name>.debug_info</name>
         <load_address>0x8398</load_address>
         <run_address>0x8398</run_address>
         <size>0x2ad</size>
         <input_file_ref idref="fl-b"/>
      </object_component>
      <object_component id="oc-3d8">
         <name>.debug_info</name>
         <load_address>0x8645</load_address>
         <run_address>0x8645</run_address>
         <size>0x28e</size>
         <input_file_ref idref="fl-b"/>
      </object_component>
      <object_component id="oc-3ce">
         <name>.debug_info</name>
         <load_address>0x88d3</load_address>
         <run_address>0x88d3</run_address>
         <size>0x267</size>
         <input_file_ref idref="fl-b"/>
      </object_component>
      <object_component id="oc-32f">
         <name>.debug_info</name>
         <load_address>0x8b3a</load_address>
         <run_address>0x8b3a</run_address>
         <size>0x2f2</size>
         <input_file_ref idref="fl-b"/>
      </object_component>
      <object_component id="oc-335">
         <name>.debug_info</name>
         <load_address>0x8e2c</load_address>
         <run_address>0x8e2c</run_address>
         <size>0x2ee</size>
         <input_file_ref idref="fl-b"/>
      </object_component>
      <object_component id="oc-341">
         <name>.debug_info</name>
         <load_address>0x911a</load_address>
         <run_address>0x911a</run_address>
         <size>0x273</size>
         <input_file_ref idref="fl-b"/>
      </object_component>
      <object_component id="oc-1fe">
         <name>.debug_info</name>
         <load_address>0x938d</load_address>
         <run_address>0x938d</run_address>
         <size>0x4a9</size>
         <input_file_ref idref="fl-b"/>
      </object_component>
      <object_component id="oc-281">
         <name>.debug_info</name>
         <load_address>0x9836</load_address>
         <run_address>0x9836</run_address>
         <size>0x222</size>
         <input_file_ref idref="fl-b"/>
      </object_component>
      <object_component id="oc-293">
         <name>.debug_info</name>
         <load_address>0x9a58</load_address>
         <run_address>0x9a58</run_address>
         <size>0x2f6</size>
         <input_file_ref idref="fl-b"/>
      </object_component>
      <object_component id="oc-92">
         <name>.debug_info</name>
         <load_address>0x9d4e</load_address>
         <run_address>0x9d4e</run_address>
         <size>0x26d</size>
         <input_file_ref idref="fl-b"/>
      </object_component>
      <object_component id="oc-263">
         <name>.debug_info</name>
         <load_address>0x9fbb</load_address>
         <run_address>0x9fbb</run_address>
         <size>0x1e2</size>
         <input_file_ref idref="fl-b"/>
      </object_component>
      <object_component id="oc-13e">
         <name>.debug_info</name>
         <load_address>0xa19d</load_address>
         <run_address>0xa19d</run_address>
         <size>0x21d</size>
         <input_file_ref idref="fl-b"/>
      </object_component>
      <object_component id="oc-2a5">
         <name>.debug_info</name>
         <load_address>0xa3ba</load_address>
         <run_address>0xa3ba</run_address>
         <size>0x2d3</size>
         <input_file_ref idref="fl-b"/>
      </object_component>
      <object_component id="oc-3c0">
         <name>.debug_info</name>
         <load_address>0xa68d</load_address>
         <run_address>0xa68d</run_address>
         <size>0x1e4</size>
         <input_file_ref idref="fl-b"/>
      </object_component>
      <object_component id="oc-44f">
         <name>.debug_info</name>
         <load_address>0xa871</load_address>
         <run_address>0xa871</run_address>
         <size>0x221</size>
         <input_file_ref idref="fl-b"/>
      </object_component>
      <object_component id="oc-36d">
         <name>.debug_info</name>
         <load_address>0xaa92</load_address>
         <run_address>0xaa92</run_address>
         <size>0x2b7</size>
         <input_file_ref idref="fl-b"/>
      </object_component>
      <object_component id="oc-211">
         <name>.debug_info</name>
         <load_address>0xad49</load_address>
         <run_address>0xad49</run_address>
         <size>0x21a</size>
         <input_file_ref idref="fl-b"/>
      </object_component>
      <object_component id="oc-191">
         <name>.debug_info</name>
         <load_address>0xaf63</load_address>
         <run_address>0xaf63</run_address>
         <size>0x169</size>
         <input_file_ref idref="fl-b"/>
      </object_component>
      <object_component id="oc-19b">
         <name>.debug_info</name>
         <load_address>0xb0cc</load_address>
         <run_address>0xb0cc</run_address>
         <size>0x46</size>
         <input_file_ref idref="fl-b"/>
      </object_component>
      <object_component id="oc-e8">
         <name>.debug_info</name>
         <load_address>0xb112</load_address>
         <run_address>0xb112</run_address>
         <size>0x3ec</size>
         <input_file_ref idref="fl-c"/>
      </object_component>
      <object_component id="oc-8f">
         <name>.debug_info</name>
         <load_address>0xb4fe</load_address>
         <run_address>0xb4fe</run_address>
         <size>0x15a</size>
         <input_file_ref idref="fl-c"/>
      </object_component>
      <object_component id="oc-369">
         <name>.debug_info</name>
         <load_address>0xb658</load_address>
         <run_address>0xb658</run_address>
         <size>0x141</size>
         <input_file_ref idref="fl-c"/>
      </object_component>
      <object_component id="oc-42">
         <name>.debug_info</name>
         <load_address>0xb799</load_address>
         <run_address>0xb799</run_address>
         <size>0x242</size>
         <input_file_ref idref="fl-c"/>
      </object_component>
      <object_component id="oc-363">
         <name>.debug_info</name>
         <load_address>0xb9db</load_address>
         <run_address>0xb9db</run_address>
         <size>0x233</size>
         <input_file_ref idref="fl-c"/>
      </object_component>
      <object_component id="oc-20b">
         <name>.debug_info</name>
         <load_address>0xbc0e</load_address>
         <run_address>0xbc0e</run_address>
         <size>0x27b</size>
         <input_file_ref idref="fl-c"/>
      </object_component>
      <object_component id="oc-287">
         <name>.debug_info</name>
         <load_address>0xbe89</load_address>
         <run_address>0xbe89</run_address>
         <size>0x225</size>
         <input_file_ref idref="fl-c"/>
      </object_component>
      <object_component id="oc-28d">
         <name>.debug_info</name>
         <load_address>0xc0ae</load_address>
         <run_address>0xc0ae</run_address>
         <size>0x227</size>
         <input_file_ref idref="fl-c"/>
      </object_component>
      <object_component id="oc-33b">
         <name>.debug_info</name>
         <load_address>0xc2d5</load_address>
         <run_address>0xc2d5</run_address>
         <size>0x2dc</size>
         <input_file_ref idref="fl-c"/>
      </object_component>
      <object_component id="oc-42d">
         <name>.debug_info</name>
         <load_address>0xc5b1</load_address>
         <run_address>0xc5b1</run_address>
         <size>0x215</size>
         <input_file_ref idref="fl-c"/>
      </object_component>
      <object_component id="oc-3d">
         <name>.debug_info</name>
         <load_address>0xc7c6</load_address>
         <run_address>0xc7c6</run_address>
         <size>0x28f</size>
         <input_file_ref idref="fl-d"/>
      </object_component>
      <object_component id="oc-27e">
         <name>.debug_info</name>
         <load_address>0xca55</load_address>
         <run_address>0xca55</run_address>
         <size>0x3b5</size>
         <input_file_ref idref="fl-e"/>
      </object_component>
      <object_component id="oc-3a7">
         <name>.debug_info</name>
         <load_address>0xce0a</load_address>
         <run_address>0xce0a</run_address>
         <size>0x128</size>
         <input_file_ref idref="fl-e"/>
      </object_component>
      <object_component id="oc-278">
         <name>.debug_info</name>
         <load_address>0xcf32</load_address>
         <run_address>0xcf32</run_address>
         <size>0x128</size>
         <input_file_ref idref="fl-e"/>
      </object_component>
      <object_component id="oc-27b">
         <name>.debug_info</name>
         <load_address>0xd05a</load_address>
         <run_address>0xd05a</run_address>
         <size>0x124</size>
         <input_file_ref idref="fl-e"/>
      </object_component>
      <object_component id="oc-275">
         <name>.debug_info</name>
         <load_address>0xd17e</load_address>
         <run_address>0xd17e</run_address>
         <size>0x142</size>
         <input_file_ref idref="fl-e"/>
      </object_component>
      <object_component id="oc-41f">
         <name>.debug_info</name>
         <load_address>0xd2c0</load_address>
         <run_address>0xd2c0</run_address>
         <size>0x29e</size>
         <input_file_ref idref="fl-e"/>
      </object_component>
      <object_component id="oc-269">
         <name>.debug_info</name>
         <load_address>0xd55e</load_address>
         <run_address>0xd55e</run_address>
         <size>0x20f</size>
         <input_file_ref idref="fl-e"/>
      </object_component>
      <object_component id="oc-1d2">
         <name>.debug_info</name>
         <load_address>0xd76d</load_address>
         <run_address>0xd76d</run_address>
         <size>0x381</size>
         <input_file_ref idref="fl-e"/>
      </object_component>
      <object_component id="oc-3b2">
         <name>.debug_info</name>
         <load_address>0xdaee</load_address>
         <run_address>0xdaee</run_address>
         <size>0x62</size>
         <input_file_ref idref="fl-e"/>
      </object_component>
      <object_component id="oc-1cb">
         <name>.debug_info</name>
         <load_address>0xdb50</load_address>
         <run_address>0xdb50</run_address>
         <size>0x2cb</size>
         <input_file_ref idref="fl-f"/>
      </object_component>
      <object_component id="oc-24e">
         <name>.debug_info</name>
         <load_address>0xde1b</load_address>
         <run_address>0xde1b</run_address>
         <size>0x10c</size>
         <input_file_ref idref="fl-f"/>
      </object_component>
      <object_component id="oc-24b">
         <name>.debug_info</name>
         <load_address>0xdf27</load_address>
         <run_address>0xdf27</run_address>
         <size>0x114</size>
         <input_file_ref idref="fl-f"/>
      </object_component>
      <object_component id="oc-248">
         <name>.debug_info</name>
         <load_address>0xe03b</load_address>
         <run_address>0xe03b</run_address>
         <size>0x118</size>
         <input_file_ref idref="fl-f"/>
      </object_component>
      <object_component id="oc-255">
         <name>.debug_info</name>
         <load_address>0xe153</load_address>
         <run_address>0xe153</run_address>
         <size>0x217</size>
         <input_file_ref idref="fl-f"/>
      </object_component>
      <object_component id="oc-1c5">
         <name>.debug_info</name>
         <load_address>0xe36a</load_address>
         <run_address>0xe36a</run_address>
         <size>0x349</size>
         <input_file_ref idref="fl-f"/>
      </object_component>
      <object_component id="oc-12c">
         <name>.debug_info</name>
         <load_address>0xe6b3</load_address>
         <run_address>0xe6b3</run_address>
         <size>0x1e4</size>
         <input_file_ref idref="fl-f"/>
      </object_component>
      <object_component id="oc-250">
         <name>.debug_info</name>
         <load_address>0xe897</load_address>
         <run_address>0xe897</run_address>
         <size>0x262</size>
         <input_file_ref idref="fl-f"/>
      </object_component>
      <object_component id="oc-1be">
         <name>.debug_info</name>
         <load_address>0xeaf9</load_address>
         <run_address>0xeaf9</run_address>
         <size>0x27a</size>
         <input_file_ref idref="fl-f"/>
      </object_component>
      <object_component id="oc-c1">
         <name>.debug_info</name>
         <load_address>0xed73</load_address>
         <run_address>0xed73</run_address>
         <size>0x148</size>
         <input_file_ref idref="fl-cb"/>
      </object_component>
      <object_component id="oc-56">
         <name>.debug_info</name>
         <load_address>0xeebb</load_address>
         <run_address>0xeebb</run_address>
         <size>0x11a</size>
         <input_file_ref idref="fl-cd"/>
      </object_component>
      <object_component id="oc-25b">
         <name>.debug_info</name>
         <load_address>0xefd5</load_address>
         <run_address>0xefd5</run_address>
         <size>0x143</size>
         <input_file_ref idref="fl-ce"/>
      </object_component>
      <object_component id="oc-bf">
         <name>.debug_info</name>
         <load_address>0xf118</load_address>
         <run_address>0xf118</run_address>
         <size>0x2d5</size>
         <input_file_ref idref="fl-cf"/>
      </object_component>
      <object_component id="oc-68">
         <name>.debug_info</name>
         <load_address>0xf3ed</load_address>
         <run_address>0xf3ed</run_address>
         <size>0x1b6</size>
         <input_file_ref idref="fl-cf"/>
      </object_component>
      <object_component id="oc-ba">
         <name>.debug_info</name>
         <load_address>0xf5a3</load_address>
         <run_address>0xf5a3</run_address>
         <size>0x46</size>
         <input_file_ref idref="fl-cf"/>
      </object_component>
      <object_component id="oc-11c">
         <name>.debug_info</name>
         <load_address>0xf5e9</load_address>
         <run_address>0xf5e9</run_address>
         <size>0x2c</size>
         <input_file_ref idref="fl-cf"/>
      </object_component>
      <object_component id="oc-60">
         <name>.debug_info</name>
         <load_address>0xf615</load_address>
         <run_address>0xf615</run_address>
         <size>0x2a9</size>
         <input_file_ref idref="fl-d0"/>
      </object_component>
      <object_component id="oc-19">
         <name>.debug_info</name>
         <load_address>0xf8be</load_address>
         <run_address>0xf8be</run_address>
         <size>0x1eb</size>
         <input_file_ref idref="fl-d0"/>
      </object_component>
      <object_component id="oc-5b">
         <name>.debug_info</name>
         <load_address>0xfaa9</load_address>
         <run_address>0xfaa9</run_address>
         <size>0x46</size>
         <input_file_ref idref="fl-d0"/>
      </object_component>
      <object_component id="oc-b2">
         <name>.debug_info</name>
         <load_address>0xfaef</load_address>
         <run_address>0xfaef</run_address>
         <size>0x2c</size>
         <input_file_ref idref="fl-d0"/>
      </object_component>
      <object_component id="oc-b0">
         <name>.debug_info</name>
         <load_address>0xfb1b</load_address>
         <run_address>0xfb1b</run_address>
         <size>0x29f</size>
         <input_file_ref idref="fl-d1"/>
      </object_component>
      <object_component id="oc-13">
         <name>.debug_info</name>
         <load_address>0xfdba</load_address>
         <run_address>0xfdba</run_address>
         <size>0x251</size>
         <input_file_ref idref="fl-d1"/>
      </object_component>
      <object_component id="oc-4b">
         <name>.debug_info</name>
         <load_address>0x1000b</load_address>
         <run_address>0x1000b</run_address>
         <size>0x60</size>
         <input_file_ref idref="fl-d1"/>
      </object_component>
      <object_component id="oc-115">
         <name>.debug_info</name>
         <load_address>0x1006b</load_address>
         <run_address>0x1006b</run_address>
         <size>0x46</size>
         <input_file_ref idref="fl-d1"/>
      </object_component>
      <object_component id="oc-ab">
         <name>.debug_info</name>
         <load_address>0x100b1</load_address>
         <run_address>0x100b1</run_address>
         <size>0x39</size>
         <input_file_ref idref="fl-d1"/>
      </object_component>
      <object_component id="oc-22">
         <name>.debug_info</name>
         <load_address>0x100ea</load_address>
         <run_address>0x100ea</run_address>
         <size>0x10c</size>
         <input_file_ref idref="fl-d2"/>
      </object_component>
      <object_component id="oc-74">
         <name>.debug_info</name>
         <load_address>0x101f6</load_address>
         <run_address>0x101f6</run_address>
         <size>0x1aa</size>
         <input_file_ref idref="fl-d2"/>
      </object_component>
      <object_component id="oc-3a0">
         <name>.debug_info</name>
         <load_address>0x103a0</load_address>
         <run_address>0x103a0</run_address>
         <size>0x116</size>
         <input_file_ref idref="fl-d3"/>
      </object_component>
      <object_component id="oc-229">
         <name>.debug_info</name>
         <load_address>0x104b6</load_address>
         <run_address>0x104b6</run_address>
         <size>0x4b4</size>
         <input_file_ref idref="fl-d4"/>
      </object_component>
      <object_component id="oc-154">
         <name>.debug_info</name>
         <load_address>0x1096a</load_address>
         <run_address>0x1096a</run_address>
         <size>0x1a7</size>
         <input_file_ref idref="fl-d4"/>
      </object_component>
      <object_component id="oc-383">
         <name>.debug_info</name>
         <load_address>0x10b11</load_address>
         <run_address>0x10b11</run_address>
         <size>0x39</size>
         <input_file_ref idref="fl-d4"/>
      </object_component>
      <object_component id="oc-458">
         <name>.debug_info</name>
         <load_address>0x10b4a</load_address>
         <run_address>0x10b4a</run_address>
         <size>0x39</size>
         <input_file_ref idref="fl-d4"/>
      </object_component>
      <object_component id="oc-388">
         <name>.debug_info</name>
         <load_address>0x10b83</load_address>
         <run_address>0x10b83</run_address>
         <size>0x39</size>
         <input_file_ref idref="fl-d4"/>
      </object_component>
      <object_component id="oc-38d">
         <name>.debug_info</name>
         <load_address>0x10bbc</load_address>
         <run_address>0x10bbc</run_address>
         <size>0xcd</size>
         <input_file_ref idref="fl-d4"/>
      </object_component>
      <object_component id="oc-c7">
         <name>.debug_info</name>
         <load_address>0x10c89</load_address>
         <run_address>0x10c89</run_address>
         <size>0x154</size>
         <input_file_ref idref="fl-d5"/>
      </object_component>
      <object_component id="oc-148">
         <name>.debug_info</name>
         <load_address>0x10ddd</load_address>
         <run_address>0x10ddd</run_address>
         <size>0x123</size>
         <input_file_ref idref="fl-d7"/>
      </object_component>
      <object_component id="oc-3e6">
         <name>.debug_info</name>
         <load_address>0x10f00</load_address>
         <run_address>0x10f00</run_address>
         <size>0x240</size>
         <input_file_ref idref="fl-da"/>
      </object_component>
      <object_component id="oc-480">
         <name>.debug_info</name>
         <load_address>0x11140</load_address>
         <run_address>0x11140</run_address>
         <size>0x167</size>
         <input_file_ref idref="fl-da"/>
      </object_component>
      <object_component id="oc-483">
         <name>.debug_info</name>
         <load_address>0x112a7</load_address>
         <run_address>0x112a7</run_address>
         <size>0x169</size>
         <input_file_ref idref="fl-da"/>
      </object_component>
      <object_component id="oc-3e3">
         <name>.debug_info</name>
         <load_address>0x11410</load_address>
         <run_address>0x11410</run_address>
         <size>0x15b</size>
         <input_file_ref idref="fl-da"/>
      </object_component>
      <object_component id="oc-2dd">
         <name>.debug_info</name>
         <load_address>0x1156b</load_address>
         <run_address>0x1156b</run_address>
         <size>0x2a3</size>
         <input_file_ref idref="fl-da"/>
      </object_component>
      <object_component id="oc-3e9">
         <name>.debug_info</name>
         <load_address>0x1180e</load_address>
         <run_address>0x1180e</run_address>
         <size>0x2b3</size>
         <input_file_ref idref="fl-da"/>
      </object_component>
      <object_component id="oc-2d1">
         <name>.debug_info</name>
         <load_address>0x11ac1</load_address>
         <run_address>0x11ac1</run_address>
         <size>0x316</size>
         <input_file_ref idref="fl-da"/>
      </object_component>
      <object_component id="oc-2e3">
         <name>.debug_info</name>
         <load_address>0x11dd7</load_address>
         <run_address>0x11dd7</run_address>
         <size>0x279</size>
         <input_file_ref idref="fl-da"/>
      </object_component>
[...]
            <allocated_space>
               <start_address>0x20007b60</start_address>
               <size>0x44</size>
               <logical_group_ref idref="lg-a"/>
            </allocated_space>
            <available_space>
               <start_address>0x20007ba4</start_address>
               <size>0x45c</size>
            </available_space>
         </usage_details>
      </memory_area>
   </placement_map>
   <cptbl_list>
      <cptbl>
         <name>__TI_cinit_table</name>
         <cprec>
            <name>.data</name>
            <load_address>0x2250</load_address>
            <load_size>0xf</load_size>
            <run_address>0x20007b60</run_address>
            <run_size>0x44</run_size>
            <compression>lzss</compression>
         </cprec>
         <cprec>
            <name>.bss</name>
            <load_address>0x2270</load_address>
            <load_size>0x8</load_size>
            <run_address>0x2000026c</run_address>
            <run_size>0x76f2</run_size>
            <compression>zero_init</compression>
         </cprec>
         <cprec>
            <name>.vtable</name>
            <load_address>0x2278</load_address>
            <load_size>0x8</load_size>
            <run_address>0x20000000</run_address>
            <run_size>0x26c</run_size>
            <compression>zero_init</compression>
         </cprec>
      </cptbl>
   </cptbl_list>
   <handler_table>
      <handler_table_name>__TI_handler_table</handler_table_name>
      <handler>
         <index>0x0</index>
         <name>__TI_zero_init</name>
      </handler>
      <handler>
         <index>0x1</index>
         <name>__TI_decompress_lzss</name>
      </handler>
      <handler>
         <index>0x2</index>
         <name>__TI_decompress_none</name>
      </handler>
   </handler_table>
   <symbol_table>
      <symbol id="sm-1">
         <name>__STACK_TOP</name>
         <value>0x20007b60</value>
      </symbol>
      <symbol id="sm-2">
         <name>__TI_CINIT_Base</name>
         <value>0x2280</value>
      </symbol>
      <symbol id="sm-3">
         <name>__TI_CINIT_Limit</name>
         <value>0x2298</value>
      </symbol>
      <symbol id="sm-4">
         <name>__TI_Handler_Table_Base</name>
         <value>0x2260</value>
      </symbol>
      <symbol id="sm-5">
         <name>__TI_Handler_Table_Limit</name>
         <value>0x226c</value>
      </symbol>
      <symbol id="sm-6">
         <name>binit</name>
         <value>0xffffffff</value>
      </symbol>
      <symbol id="sm-7">
         <name>__binit__</name>
         <value>0xffffffff</value>
      </symbol>
      <symbol id="sm-8">
         <name>__STACK_SIZE</name>
         <value>0x200</value>
      </symbol>
      <symbol id="sm-9">
         <name>__STACK_END</name>
         <value>0x20007b60</value>
      </symbol>
      <symbol id="sm-a">
         <name>__c_args__</name>
         <value>0xffffffff</value>
      </symbol>
      <symbol id="sm-b">
         <name>__TI_pprof_out_hndl</name>
         <value>0xffffffff</value>
      </symbol>
      <symbol id="sm-c">
         <name>__TI_prof_data_start</name>
         <value>0xffffffff</value>
      </symbol>
      <symbol id="sm-d">
         <name>__TI_prof_data_size</name>
         <value>0xffffffff</value>
      </symbol>
      <symbol id="sm-7f">
         <name>status</name>
         <value>0x2000795c</value>
      </symbol>
      <symbol id="sm-80">
         <name>state</name>
         <value>0x20007b9d</value>
         <object_component_ref idref="oc-359"/>
      </symbol>
      <symbol id="sm-81">
         <name>LED_martix_task_init</name>
         <value>0x1941</value>
         <object_component_ref idref="oc-137"/>
      </symbol>
      <symbol id="sm-df">
         <name>flash</name>
         <value>0xc05</value>
         <object_component_ref idref="oc-347"/>
      </symbol>
      <symbol id="sm-e0">
         <name>clear_display</name>
         <value>0x1681</value>
         <object_component_ref idref="oc-1f1"/>
      </symbol>
      <symbol id="sm-e1">
         <name>initialize_matrix</name>
         <value>0xb41</value>
         <object_component_ref idref="oc-1eb"/>
      </symbol>
      <symbol id="sm-e2">
         <name>left</name>
         <value>0xe09</value>
         <object_component_ref idref="oc-34d"/>
      </symbol>
      <symbol id="sm-e3">
         <name>right</name>
         <value>0xe95</value>
         <object_component_ref idref="oc-353"/>
      </symbol>
      <symbol id="sm-e4">
         <name>set_control_register</name>
         <value>0x1779</value>
         <object_component_ref idref="oc-2fa"/>
      </symbol>
      <symbol id="sm-123">
         <name>g_pUARTSemaphore</name>
         <value>0x20007958</value>
      </symbol>
      <symbol id="sm-124">
         <name>vApplicationStackOverflowHook</name>
         <value>0x1817</value>
         <object_component_ref idref="oc-e9"/>
      </symbol>
      <symbol id="sm-125">
         <name>main</name>
         <value>0x1819</value>
         <object_component_ref idref="oc-cc"/>
      </symbol>
      <symbol id="sm-126">
         <name>ConfigureUART</name>
         <value>0x1331</value>
         <object_component_ref idref="oc-125"/>
      </symbol>
      <symbol id="sm-148">
         <name>initialize_signals</name>
         <value>0x12c9</value>
         <object_component_ref idref="oc-1f7"/>
      </symbol>
      <symbol id="sm-149">
         <name>buttons_ISR</name>
         <value>0x1729</value>
         <object_component_ref idref="oc-327"/>
      </symbol>
      <symbol id="sm-17a">
         <name>ResetISR</name>
         <value>0x1f0d</value>
         <object_component_ref idref="oc-24"/>
      </symbol>
      <symbol id="sm-17b">
         <name>g_pfnVectors</name>
         <value>0x0</value>
         <object_component_ref idref="oc-f"/>
      </symbol>
      <symbol id="sm-1b2">
         <name>uxListRemove</name>
         <value>0x1d2d</value>
         <object_component_ref idref="oc-f9"/>
      </symbol>
      <symbol id="sm-1b3">
         <name>vListInsert</name>
         <value>0x1b81</value>
         <object_component_ref idref="oc-3c7"/>
      </symbol>
      <symbol id="sm-1b4">
         <name>vListInitialiseItem</name>
         <value>0x1f1f</value>
         <object_component_ref idref="oc-425"/>
      </symbol>
      <symbol id="sm-1b5">
         <name>vListInsertEnd</name>
         <value>0x1dcf</value>
         <object_component_ref idref="oc-ff"/>
      </symbol>
      <symbol id="sm-1b6">
         <name>vListInitialise</name>
         <value>0x1e19</value>
         <object_component_ref idref="oc-1d7"/>
      </symbol>
      <symbol id="sm-206">
         <name>xQueueCreateMutex</name>
         <value>0x17c9</value>
         <object_component_ref idref="oc-131"/>
      </symbol>
      <symbol id="sm-207">
         <name>xQueueGenericSend</name>
         <value>0x8a1</value>
         <object_component_ref idref="oc-1dd"/>
      </symbol>
      <symbol id="sm-393">
         <name>vTaskSuspendAll</name>
         <value>0x1e8d</value>
         <object_component_ref idref="oc-262"/>
      </symbol>
      <symbol id="sm-394">
         <name>vTaskPlaceOnEventList</name>
         <value>0x1395</value>
         <object_component_ref idref="oc-2a4"/>
      </symbol>
      <symbol id="sm-395">
         <name>xTaskCheckForTimeOut</name>
         <value>0x16d5</value>
         <object_component_ref idref="oc-292"/>
      </symbol>
      <symbol id="sm-396">
         <name>xTaskPriorityDisinherit</name>
         <value>0x1029</value>
         <object_component_ref idref="oc-3d7"/>
      </symbol>
      <symbol id="sm-397">
         <name>vTaskStartScheduler</name>
         <value>0x151d</value>
         <object_component_ref idref="oc-13d"/>
      </symbol>
      <symbol id="sm-398">
         <name>vTaskMissedYield</name>
         <value>0x1ed1</value>
         <object_component_ref idref="oc-3bf"/>
      </symbol>
      <symbol id="sm-399">
         <name>xTaskResumeAll</name>
         <value>0x989</value>
         <object_component_ref idref="oc-26e"/>
      </symbol>
      <symbol id="sm-39a">
         <name>xTaskGenericCreate</name>
         <value>0x7a1</value>
         <object_component_ref idref="oc-1fd"/>
      </symbol>
      <symbol id="sm-39b">
         <name>pxCurrentTCB</name>
         <value>0x20007b60</value>
         <object_component_ref idref="oc-8b"/>
      </symbol>
      <symbol id="sm-39c">
         <name>vTaskSetTimeOutState</name>
         <value>0x1e01</value>
         <object_component_ref idref="oc-280"/>
      </symbol>
      <symbol id="sm-39d">
         <name>xTaskIncrementTick</name>
         <value>0x69d</value>
         <object_component_ref idref="oc-98"/>
      </symbol>
      <symbol id="sm-39e">
         <name>vTaskSwitchContext</name>
         <value>0xf21</value>
         <object_component_ref idref="oc-91"/>
      </symbol>
      <symbol id="sm-39f">
         <name>xTaskRemoveFromEventList</name>
         <value>0x10a1</value>
         <object_component_ref idref="oc-2b0"/>
      </symbol>
      <symbol id="sm-3f9">
         <name>ulMaxSyscallInterruptPriority</name>
         <value>0x2248</value>
         <object_component_ref idref="oc-8e"/>
      </symbol>
      <symbol id="sm-3fa">
         <name>vPortSetupTimerInterrupt</name>
         <value>0x1e31</value>
         <object_component_ref idref="oc-362"/>
      </symbol>
      <symbol id="sm-3fb">
         <name>xPortSysTickHandler</name>
         <value>0x1c85</value>
         <object_component_ref idref="oc-41"/>
      </symbol>
      <symbol id="sm-3fc">
         <name>pxPortInitialiseStack</name>
         <value>0x1d05</value>
         <object_component_ref idref="oc-33a"/>
      </symbol>
      <symbol id="sm-3fd">
         <name>vPortExitCritical</name>
         <value>0x1de9</value>
         <object_component_ref idref="oc-286"/>
      </symbol>
      <symbol id="sm-3fe">
         <name>xPortStartScheduler</name>
         <value>0x1a91</value>
         <object_component_ref idref="oc-20a"/>
      </symbol>
      <symbol id="sm-3ff">
         <name>vPortEnterCritical</name>
         <value>0x1d69</value>
         <object_component_ref idref="oc-28c"/>
      </symbol>
      <symbol id="sm-40e">
         <name>vPortStartFirstTask</name>
         <value>0xb15</value>
         <object_component_ref idref="oc-3c"/>
      </symbol>
      <symbol id="sm-40f">
         <name>ulPortGetIPSR</name>
         <value>0xa7d</value>
         <object_component_ref idref="oc-3c"/>
      </symbol>
      <symbol id="sm-410">
         <name>vPortEnableVFP</name>
         <value>0xb31</value>
         <object_component_ref idref="oc-3c"/>
      </symbol>
      <symbol id="sm-411">
         <name>xPortPendSVHandler</name>
         <value>0xa95</value>
         <object_component_ref idref="oc-3c"/>
      </symbol>
      <symbol id="sm-412">
         <name>vPortSVCHandler</name>
         <value>0xaf5</value>
         <object_component_ref idref="oc-3c"/>
      </symbol>
      <symbol id="sm-467">
         <name>pvPortMalloc</name>
         <value>0xcc1</value>
         <object_component_ref idref="oc-1d1"/>
      </symbol>
      <symbol id="sm-468">
         <name>vPortFree</name>
         <value>0x1a0d</value>
         <object_component_ref idref="oc-41e"/>
      </symbol>
      <symbol id="sm-4d6">
         <name>UARTStdioConfig</name>
         <value>0x145d</value>
         <object_component_ref idref="oc-1bd"/>
      </symbol>
      <symbol id="sm-4d7">
         <name>UARTwrite</name>
         <value>0x18f9</value>
         <object_component_ref idref="oc-254"/>
      </symbol>
      <symbol id="sm-4d8">
         <name>UARTprintf</name>
         <value>0x1d85</value>
         <object_component_ref idref="oc-12b"/>
      </symbol>
      <symbol id="sm-4d9">
         <name>UARTvprintf</name>
         <value>0x26d</value>
         <object_component_ref idref="oc-1c4"/>
      </symbol>
      <symbol id="sm-4e9">
         <name>__aeabi_memset</name>
         <value>0xfaf</value>
         <object_component_ref idref="oc-c0"/>
      </symbol>
      <symbol id="sm-4ea">
         <name>memset</name>
         <value>0xfb5</value>
         <object_component_ref idref="oc-c0"/>
      </symbol>
      <symbol id="sm-4eb">
         <name>__aeabi_memset8</name>
         <value>0xfaf</value>
         <object_component_ref idref="oc-c0"/>
      </symbol>
      <symbol id="sm-4ec">
         <name>__aeabi_memset4</name>
         <value>0xfaf</value>
         <object_component_ref idref="oc-c0"/>
      </symbol>
      <symbol id="sm-4ed">
         <name>__aeabi_memclr8</name>
         <value>0xfad</value>
         <object_component_ref idref="oc-c0"/>
      </symbol>
      <symbol id="sm-4ee">
         <name>__aeabi_memclr4</name>
         <value>0xfad</value>
         <object_component_ref idref="oc-c0"/>
      </symbol>
      <symbol id="sm-4ef">
         <name>__aeabi_memclr</name>
         <value>0xfad</value>
         <object_component_ref idref="oc-c0"/>
      </symbol>
      <symbol id="sm-50b">
         <name>memcpy</name>
         <value>0xd6d</value>
         <object_component_ref idref="oc-55"/>
      </symbol>
      <symbol id="sm-50c">
         <name>__aeabi_memcpy</name>
         <value>0xd6d</value>
         <object_component_ref idref="oc-55"/>
      </symbol>
      <symbol id="sm-50d">
         <name>__aeabi_memcpy8</name>
         <value>0xd6d</value>
         <object_component_ref idref="oc-55"/>
      </symbol>
      <symbol id="sm-50e">
         <name>__aeabi_memcpy4</name>
         <value>0xd6d</value>
         <object_component_ref idref="oc-55"/>
      </symbol>
      <symbol id="sm-51d">
         <name>__aeabi_uidivmod</name>
         <value>0x1a51</value>
         <object_component_ref idref="oc-25a"/>
      </symbol>
      <symbol id="sm-51e">
         <name>__aeabi_uidiv</name>
         <value>0x1a51</value>
         <object_component_ref idref="oc-25a"/>
      </symbol>
      <symbol id="sm-535">
         <name>__TI_zero_init</name>
         <value>0x1ec5</value>
         <object_component_ref idref="oc-67"/>
      </symbol>
      <symbol id="sm-54c">
         <name>__TI_decompress_none</name>
         <value>0x1eab</value>
         <object_component_ref idref="oc-18"/>
      </symbol>
      <symbol id="sm-56f">
         <name>__TI_decompress_lzss</name>
         <value>0x1261</value>
         <object_component_ref idref="oc-12"/>
      </symbol>
      <symbol id="sm-582">
         <name>__stack</name>
         <value>0x20007960</value>
         <object_component_ref idref="oc-21"/>
      </symbol>
      <symbol id="sm-583">
         <name>_c_int00_noargs</name>
         <value>0x1c21</value>
         <object_component_ref idref="oc-73"/>
      </symbol>
      <symbol id="sm-58d">
         <name>__aeabi_idiv0</name>
         <value>0x145b</value>
         <object_component_ref idref="oc-39f"/>
      </symbol>
      <symbol id="sm-58e">
         <name>__aeabi_ldiv0</name>
         <value>0x145b</value>
         <object_component_ref idref="oc-39f"/>
      </symbol>
      <symbol id="sm-5b6">
         <name>__TI_auto_init_nobinit_nopinit</name>
         <value>0x19c9</value>
         <object_component_ref idref="oc-153"/>
      </symbol>
      <symbol id="sm-5c0">
         <name>_system_pre_init</name>
         <value>0x1f25</value>
         <object_component_ref idref="oc-c6"/>
      </symbol>
      <symbol id="sm-5cc">
         <name>C$$EXIT</name>
         <value>0x1f29</value>
         <object_component_ref idref="oc-147"/>
      </symbol>
      <symbol id="sm-5cd">
         <name>abort</name>
         <value>0x1f29</value>
         <object_component_ref idref="oc-147"/>
      </symbol>
      <symbol id="sm-665">
         <name>GPIOIntRegister</name>
         <value>0x1d9f</value>
         <object_component_ref idref="oc-315"/>
      </symbol>
      <symbol id="sm-666">
         <name>GPIOPinConfigure</name>
         <value>0x18b1</value>
         <object_component_ref idref="oc-2ca"/>
      </symbol>
      <symbol id="sm-667">
         <name>GPIOIntEnable</name>
         <value>0x1eb9</value>
         <object_component_ref idref="oc-321"/>
      </symbol>
      <symbol id="sm-668">
         <name>GPIOIntTypeSet</name>
         <value>0x15d5</value>
         <object_component_ref idref="oc-31b"/>
      </symbol>
      <symbol id="sm-669">
         <name>GPIOPinTypeGPIOInput</name>
         <value>0x1e45</value>
         <object_component_ref idref="oc-30f"/>
      </symbol>
      <symbol id="sm-66a">
         <name>GPIOIntClear</name>
         <value>0x1f01</value>
         <object_component_ref idref="oc-417"/>
      </symbol>
      <symbol id="sm-66b">
         <name>GPIOIntStatus</name>
         <value>0x1e9d</value>
         <object_component_ref idref="oc-411"/>
      </symbol>
      <symbol id="sm-66c">
         <name>GPIOPinTypeGPIOOutput</name>
         <value>0x1db7</value>
         <object_component_ref idref="oc-2d6"/>
      </symbol>
      <symbol id="sm-66d">
         <name>GPIODirModeSet</name>
         <value>0x1cb1</value>
         <object_component_ref idref="oc-3e8"/>
      </symbol>
      <symbol id="sm-66e">
         <name>GPIOPinWrite</name>
         <value>0x1f07</value>
         <object_component_ref idref="oc-2dc"/>
      </symbol>
      <symbol id="sm-66f">
         <name>GPIOPadConfigSet</name>
         <value>0x45b</value>
         <object_component_ref idref="oc-2d0"/>
      </symbol>
      <symbol id="sm-670">
         <name>GPIOPinTypeSSI</name>
         <value>0x1e57</value>
         <object_component_ref idref="oc-2e2"/>
      </symbol>
      <symbol id="sm-6a9">
         <name>IntEnable</name>
         <value>0x11f9</value>
         <object_component_ref idref="oc-408"/>
      </symbol>
      <symbol id="sm-6aa">
         <name>IntRegister</name>
         <value>0x1bb9</value>
         <object_component_ref idref="oc-402"/>
      </symbol>
      <symbol id="sm-6ab">
         <name>g_pfnRAMVectors</name>
         <value>0x20000000</value>
         <object_component_ref idref="oc-486"/>
      </symbol>
      <symbol id="sm-6d2">
         <name>SSIDataPut</name>
         <value>0x1edd</value>
         <object_component_ref idref="oc-302"/>
      </symbol>
      <symbol id="sm-6d3">
         <name>SSIConfigSetExpClk</name>
         <value>0x1ad1</value>
         <object_component_ref idref="oc-2ee"/>
      </symbol>
      <symbol id="sm-6d4">
         <name>SSIEnable</name>
         <value>0x1ee7</value>
         <object_component_ref idref="oc-2f4"/>
      </symbol>
      <symbol id="sm-6d5">
         <name>SSIBusy</name>
         <value>0x1ef1</value>
         <object_component_ref idref="oc-308"/>
      </symbol>
      <symbol id="sm-71c">
         <name>SysCtlDelay</name>
         <value>0x1f13</value>
         <object_component_ref idref="oc-301"/>
      </symbol>
      <symbol id="sm-71d">
         <name>SysCtlPeripheralEnable</name>
         <value>0x1bed</value>
         <object_component_ref idref="oc-2be"/>
      </symbol>
      <symbol id="sm-71e">
         <name>SysCtlClockGet</name>
         <value>0x58d</value>
         <object_component_ref idref="oc-2e8"/>
      </symbol>
      <symbol id="sm-71f">
         <name>SysCtlPeripheralReady</name>
         <value>0x1b49</value>
         <object_component_ref idref="oc-2c4"/>
      </symbol>
      <symbol id="sm-72c">
         <name>UARTClockSourceSet</name>
         <value>0x1f19</value>
         <object_component_ref idref="oc-1b7"/>
      </symbol>
      <symbol id="sm-72e">
         <name>__TI_static_base__</name>
         <value>0x0</value>
      </symbol>
      <symbol id="sm-731">
         <name>__mpu_init</name>
         <value>0x0</value>
      </symbol>
      <symbol id="sm-732">
         <name>_system_post_cinit</name>
         <value>0x0</value>
      </symbol>
   </symbol_table>
   <title>Link successful</title>
</link_info>
